Archive member included to satisfy reference by file (symbol)

c:/progra~2/armgnu~1/12977f~1.2mp/bin/../lib/gcc/arm-none-eabi/12.2.1/thumb/v7-m/nofp\libc_nano.a(libc_a-exit.o)
                              c:/progra~2/armgnu~1/12977f~1.2mp/bin/../lib/gcc/arm-none-eabi/12.2.1/thumb/v7-m/nofp/crt0.o (exit)
c:/progra~2/armgnu~1/12977f~1.2mp/bin/../lib/gcc/arm-none-eabi/12.2.1/thumb/v7-m/nofp\libc_nano.a(libc_a-findfp.o)
                              c:/progra~2/armgnu~1/12977f~1.2mp/bin/../lib/gcc/arm-none-eabi/12.2.1/thumb/v7-m/nofp\libc_nano.a(libc_a-exit.o) (__stdio_exit_handler)
c:/progra~2/armgnu~1/12977f~1.2mp/bin/../lib/gcc/arm-none-eabi/12.2.1/thumb/v7-m/nofp\libc_nano.a(libc_a-fwalk.o)
                              c:/progra~2/armgnu~1/12977f~1.2mp/bin/../lib/gcc/arm-none-eabi/12.2.1/thumb/v7-m/nofp\libc_nano.a(libc_a-findfp.o) (_fwalk_sglue)
c:/progra~2/armgnu~1/12977f~1.2mp/bin/../lib/gcc/arm-none-eabi/12.2.1/thumb/v7-m/nofp\libc_nano.a(libc_a-stdio.o)
                              c:/progra~2/armgnu~1/12977f~1.2mp/bin/../lib/gcc/arm-none-eabi/12.2.1/thumb/v7-m/nofp\libc_nano.a(libc_a-findfp.o) (__sread)
c:/progra~2/armgnu~1/12977f~1.2mp/bin/../lib/gcc/arm-none-eabi/12.2.1/thumb/v7-m/nofp\libc_nano.a(libc_a-memset.o)
                              c:/progra~2/armgnu~1/12977f~1.2mp/bin/../lib/gcc/arm-none-eabi/12.2.1/thumb/v7-m/nofp/crt0.o (memset)
c:/progra~2/armgnu~1/12977f~1.2mp/bin/../lib/gcc/arm-none-eabi/12.2.1/thumb/v7-m/nofp\libc_nano.a(libc_a-closer.o)
                              c:/progra~2/armgnu~1/12977f~1.2mp/bin/../lib/gcc/arm-none-eabi/12.2.1/thumb/v7-m/nofp\libc_nano.a(libc_a-stdio.o) (_close_r)
c:/progra~2/armgnu~1/12977f~1.2mp/bin/../lib/gcc/arm-none-eabi/12.2.1/thumb/v7-m/nofp\libc_nano.a(libc_a-reent.o)
                              c:/progra~2/armgnu~1/12977f~1.2mp/bin/../lib/gcc/arm-none-eabi/12.2.1/thumb/v7-m/nofp\libc_nano.a(libc_a-closer.o) (errno)
c:/progra~2/armgnu~1/12977f~1.2mp/bin/../lib/gcc/arm-none-eabi/12.2.1/thumb/v7-m/nofp\libc_nano.a(libc_a-impure.o)
                              c:/progra~2/armgnu~1/12977f~1.2mp/bin/../lib/gcc/arm-none-eabi/12.2.1/thumb/v7-m/nofp\libc_nano.a(libc_a-reent.o) (_impure_ptr)
c:/progra~2/armgnu~1/12977f~1.2mp/bin/../lib/gcc/arm-none-eabi/12.2.1/thumb/v7-m/nofp\libc_nano.a(libc_a-lseekr.o)
                              c:/progra~2/armgnu~1/12977f~1.2mp/bin/../lib/gcc/arm-none-eabi/12.2.1/thumb/v7-m/nofp\libc_nano.a(libc_a-stdio.o) (_lseek_r)
c:/progra~2/armgnu~1/12977f~1.2mp/bin/../lib/gcc/arm-none-eabi/12.2.1/thumb/v7-m/nofp\libc_nano.a(libc_a-readr.o)
                              c:/progra~2/armgnu~1/12977f~1.2mp/bin/../lib/gcc/arm-none-eabi/12.2.1/thumb/v7-m/nofp\libc_nano.a(libc_a-stdio.o) (_read_r)
c:/progra~2/armgnu~1/12977f~1.2mp/bin/../lib/gcc/arm-none-eabi/12.2.1/thumb/v7-m/nofp\libc_nano.a(libc_a-writer.o)
                              c:/progra~2/armgnu~1/12977f~1.2mp/bin/../lib/gcc/arm-none-eabi/12.2.1/thumb/v7-m/nofp\libc_nano.a(libc_a-stdio.o) (_write_r)
c:/progra~2/armgnu~1/12977f~1.2mp/bin/../lib/gcc/arm-none-eabi/12.2.1/thumb/v7-m/nofp\libc_nano.a(libc_a-init.o)
                              c:/progra~2/armgnu~1/12977f~1.2mp/bin/../lib/gcc/arm-none-eabi/12.2.1/thumb/v7-m/nofp/crt0.o (__libc_init_array)
c:/progra~2/armgnu~1/12977f~1.2mp/bin/../lib/gcc/arm-none-eabi/12.2.1/thumb/v7-m/nofp\libc_nano.a(libc_a-lock.o)
                              c:/progra~2/armgnu~1/12977f~1.2mp/bin/../lib/gcc/arm-none-eabi/12.2.1/thumb/v7-m/nofp\libc_nano.a(libc_a-findfp.o) (__retarget_lock_init_recursive)
c:/progra~2/armgnu~1/12977f~1.2mp/bin/../lib/gcc/arm-none-eabi/12.2.1/thumb/v7-m/nofp\libc_nano.a(libc_a-freer.o)
                              c:/progra~2/armgnu~1/12977f~1.2mp/bin/../lib/gcc/arm-none-eabi/12.2.1/thumb/v7-m/nofp\libc_nano.a(libc_a-reent.o) (_free_r)
c:/progra~2/armgnu~1/12977f~1.2mp/bin/../lib/gcc/arm-none-eabi/12.2.1/thumb/v7-m/nofp\libc_nano.a(libc_a-mallocr.o)
                              c:/progra~2/armgnu~1/12977f~1.2mp/bin/../lib/gcc/arm-none-eabi/12.2.1/thumb/v7-m/nofp\libc_nano.a(libc_a-findfp.o) (_malloc_r)
c:/progra~2/armgnu~1/12977f~1.2mp/bin/../lib/gcc/arm-none-eabi/12.2.1/thumb/v7-m/nofp\libc_nano.a(libc_a-mlock.o)
                              c:/progra~2/armgnu~1/12977f~1.2mp/bin/../lib/gcc/arm-none-eabi/12.2.1/thumb/v7-m/nofp\libc_nano.a(libc_a-freer.o) (__malloc_lock)
c:/progra~2/armgnu~1/12977f~1.2mp/bin/../lib/gcc/arm-none-eabi/12.2.1/thumb/v7-m/nofp\libc_nano.a(libc_a-fflush.o)
                              c:/progra~2/armgnu~1/12977f~1.2mp/bin/../lib/gcc/arm-none-eabi/12.2.1/thumb/v7-m/nofp\libc_nano.a(libc_a-findfp.o) (_fflush_r)
c:/progra~2/armgnu~1/12977f~1.2mp/bin/../lib/gcc/arm-none-eabi/12.2.1/thumb/v7-m/nofp\libc_nano.a(libc_a-sbrkr.o)
                              c:/progra~2/armgnu~1/12977f~1.2mp/bin/../lib/gcc/arm-none-eabi/12.2.1/thumb/v7-m/nofp\libc_nano.a(libc_a-mallocr.o) (_sbrk_r)

Discarded input sections

[...]
Memory Configuration

Name             Origin             Length             Attributes
RAM              0x20000000         0x00005000         xrw
FLASH            0x08000000         0x00010000         xr
*default*        0x00000000         0xffffffff

Linker script and memory map

LOAD c:/progra~2/armgnu~1/12977f~1.2mp/bin/../lib/gcc/arm-none-eabi/12.2.1/thumb/v7-m/nofp/crti.o
LOAD c:/progra~2/armgnu~1/12977f~1.2mp/bin/../lib/gcc/arm-none-eabi/12.2.1/thumb/v7-m/nofp/crtbegin.o
LOAD c:/progra~2/armgnu~1/12977f~1.2mp/bin/../lib/gcc/arm-none-eabi/12.2.1/thumb/v7-m/nofp/crt0.o
START GROUP
LOAD c:/progra~2/armgnu~1/12977f~1.2mp/bin/../lib/gcc/arm-none-eabi/12.2.1/thumb/v7-m/nofp\libc_nano.a
LOAD c:/progra~2/armgnu~1/12977f~1.2mp/bin/../lib/gcc/arm-none-eabi/12.2.1/thumb/v7-m/nofp\libm.a
END GROUP
LOAD CMakeFiles/GPIO_Button.dir/Core/Src/main.c.obj
LOAD CMakeFiles/GPIO_Button.dir/Drivers/STM32F1xx_HAL_Driver/Src/stm32f1xx_hal.c.obj
LOAD CMakeFiles/GPIO_Button.dir/Drivers/STM32F1xx_HAL_Driver/Src/stm32f1xx_hal_gpio.c.obj
LOAD CMakeFiles/GPIO_Button.dir/Drivers/STM32F1xx_HAL_Driver/Src/stm32f1xx_hal_rcc.c.obj
LOAD CMakeFiles/GPIO_Button.dir/Drivers/STM32F1xx_HAL_Driver/Src/stm32f1xx_hal_cortex.c.obj
LOAD CMakeFiles/GPIO_Button.dir/Core/Src/system_stm32f1xx.c.obj
LOAD CMakeFiles/GPIO_Button.dir/Core/Startup/startup_stm32f103xb.s.obj
START GROUP
LOAD c:/progra~2/armgnu~1/12977f~1.2mp/bin/../lib/gcc/arm-none-eabi/12.2.1/thumb/v7-m/nofp\libgcc.a
LOAD c:/progra~2/armgnu~1/12977f~1.2mp/bin/../lib/gcc/arm-none-eabi/12.2.1/thumb/v7-m/nofp\libg_nano.a
LOAD c:/progra~2/armgnu~1/12977f~1.2mp/bin/../lib/gcc/arm-none-eabi/12.2.1/thumb/v7-m/nofp\libc_nano.a
END GROUP
START GROUP
LOAD c:/progra~2/armgnu~1/12977f~1.2mp/bin/../lib/gcc/arm-none-eabi/12.2.1/thumb/v7-m/nofp\libgcc.a
LOAD c:/progra~2/armgnu~1/12977f~1.2mp/bin/../lib/gcc/arm-none-eabi/12.2.1/thumb/v7-m/nofp\libc_nano.a
END GROUP
LOAD c:/progra~2/armgnu~1/12977f~1.2mp/bin/../lib/gcc/arm-none-eabi/12.2.1/thumb/v7-m/nofp/crtend.o
LOAD c:/progra~2/armgnu~1/12977f~1.2mp/bin/../lib/gcc/arm-none-eabi/12.2.1/thumb/v7-m/nofp/crtn.o
                0x20005000                        _estack = (ORIGIN (RAM) + LENGTH (RAM))
                0x20004c00                        _sstack = (_estack - _Min_Stack_Size)
                0x00000200                        _Min_Heap_Size = 0x200
                0x00000400                        _Min_Stack_Size = 0x400

.isr_vector     0x08000000      0x10c
                0x08000000                        . = ALIGN (0x4)
 *(.isr_vector)
 .isr_vector    0x08000000      0x10c CMakeFiles/GPIO_Button.dir/Core/Startup/startup_stm32f103xb.s.obj
                0x08000000                g_pfnVectors
                0x0800010c                        . = ALIGN (0x4)

.text           0x0800010c     0x165c
                0x0800010c                        . = ALIGN (0x4)
 *(.text)
 *(.text*)
 .text.deregister_tm_clones
                0x0800010c       0x1c c:/progra~2/armgnu~1/12977f~1.2mp/bin/../lib/gcc/arm-none-eabi/12.2.1/thumb/v7-m/nofp/crtbegin.o
 .text.register_tm_clones
                0x08000128       0x24 c:/progra~2/armgnu~1/12977f~1.2mp/bin/../lib/gcc/arm-none-eabi/12.2.1/thumb/v7-m/nofp/crtbegin.o
 .text.__do_global_dtors_aux
                0x0800014c       0x28 c:/progra~2/armgnu~1/12977f~1.2mp/bin/../lib/gcc/arm-none-eabi/12.2.1/thumb/v7-m/nofp/crtbegin.o
 .text.frame_dummy
                0x08000174       0x24 c:/progra~2/armgnu~1/12977f~1.2mp/bin/../lib/gcc/arm-none-eabi/12.2.1/thumb/v7-m/nofp/crtbegin.o
 .text.memset   0x08000198       0x10 c:/progra~2/armgnu~1/12977f~1.2mp/bin/../lib/gcc/arm-none-eabi/12.2.1/thumb/v7-m/nofp\libc_nano.a(libc_a-memset.o)
                0x08000198                memset
 .text.__libc_init_array
                0x080001a8       0x48 c:/progra~2/armgnu~1/12977f~1.2mp/bin/../lib/gcc/arm-none-eabi/12.2.1/thumb/v7-m/nofp\libc_nano.a(libc_a-init.o)
                0x080001a8                __libc_init_array
 .text.main     0x080001f0      0x120 CMakeFiles/GPIO_Button.dir/Core/Src/main.c.obj
                0x080001f0                main
 .text.SystemClock_Config
                0x08000310       0x76 CMakeFiles/GPIO_Button.dir/Core/Src/main.c.obj
                0x08000310                SystemClock_Config
 .text.Error_Handler
                0x08000386        0xc CMakeFiles/GPIO_Button.dir/Core/Src/main.c.obj
                0x08000386                Error_Handler
 .text.assert_failed
                0x08000392        0xe CMakeFiles/GPIO_Button.dir/Core/Src/main.c.obj
                0x08000392                assert_failed
 .text.HAL_Init
                0x080003a0       0x2c CMakeFiles/GPIO_Button.dir/Drivers/STM32F1xx_HAL_Driver/Src/stm32f1xx_hal.c.obj
                0x080003a0                HAL_Init
 .text.HAL_MspInit
                0x080003cc        0xc CMakeFiles/GPIO_Button.dir/Drivers/STM32F1xx_HAL_Driver/Src/stm32f1xx_hal.c.obj
                0x080003cc                HAL_MspInit
 .text.HAL_InitTick
                0x080003d8       0x60 CMakeFiles/GPIO_Button.dir/Drivers/STM32F1xx_HAL_Driver/Src/stm32f1xx_hal.c.obj
                0x080003d8                HAL_InitTick
 .text.HAL_GetTick
                0x08000438       0x14 CMakeFiles/GPIO_Button.dir/Drivers/STM32F1xx_HAL_Driver/Src/stm32f1xx_hal.c.obj
                0x08000438                HAL_GetTick
 .text.HAL_Delay
                0x0800044c       0x48 CMakeFiles/GPIO_Button.dir/Drivers/STM32F1xx_HAL_Driver/Src/stm32f1xx_hal.c.obj
                0x0800044c                HAL_Delay
 .text.HAL_GPIO_Init
                0x08000494      0x4dc CMakeFiles/GPIO_Button.dir/Drivers/STM32F1xx_HAL_Driver/Src/stm32f1xx_hal_gpio.c.obj
                0x08000494                HAL_GPIO_Init
 .text.HAL_GPIO_ReadPin
                0x08000970       0x40 CMakeFiles/GPIO_Button.dir/Drivers/STM32F1xx_HAL_Driver/Src/stm32f1xx_hal_gpio.c.obj
                0x08000970                HAL_GPIO_ReadPin
 .text.HAL_GPIO_WritePin
                0x080009b0       0x58 CMakeFiles/GPIO_Button.dir/Drivers/STM32F1xx_HAL_Driver/Src/stm32f1xx_hal_gpio.c.obj
                0x080009b0                HAL_GPIO_WritePin
 .text.HAL_RCC_OscConfig
                0x08000a08      0x6dc CMakeFiles/GPIO_Button.dir/Drivers/STM32F1xx_HAL_Driver/Src/stm32f1xx_hal_rcc.c.obj
                0x08000a08                HAL_RCC_OscConfig
 .text.HAL_RCC_ClockConfig
                0x080010e4      0x320 CMakeFiles/GPIO_Button.dir/Drivers/STM32F1xx_HAL_Driver/Src/stm32f1xx_hal_rcc.c.obj
                0x080010e4                HAL_RCC_ClockConfig
 .text.HAL_RCC_GetSysClockFreq
                0x08001404       0xa8 CMakeFiles/GPIO_Button.dir/Drivers/STM32F1xx_HAL_Driver/Src/stm32f1xx_hal_rcc.c.obj
                0x08001404                HAL_RCC_GetSysClockFreq
 .text.RCC_Delay
                0x080014ac       0x3c CMakeFiles/GPIO_Button.dir/Drivers/STM32F1xx_HAL_Driver/Src/stm32f1xx_hal_rcc.c.obj
 .text.__NVIC_SetPriorityGrouping
                0x080014e8       0x48 CMakeFiles/GPIO_Button.dir/Drivers/STM32F1xx_HAL_Driver/Src/stm32f1xx_hal_cortex.c.obj
 .text.__NVIC_GetPriorityGrouping
                0x08001530       0x1c CMakeFiles/GPIO_Button.dir/Drivers/STM32F1xx_HAL_Driver/Src/stm32f1xx_hal_cortex.c.obj
 .text.__NVIC_SetPriority
                0x0800154c       0x54 CMakeFiles/GPIO_Button.dir/Drivers/STM32F1xx_HAL_Driver/Src/stm32f1xx_hal_cortex.c.obj
 .text.NVIC_EncodePriority
                0x080015a0       0x64 CMakeFiles/GPIO_Button.dir/Drivers/STM32F1xx_HAL_Driver/Src/stm32f1xx_hal_cortex.c.obj
 .text.SysTick_Config
                0x08001604       0x44 CMakeFiles/GPIO_Button.dir/Drivers/STM32F1xx_HAL_Driver/Src/stm32f1xx_hal_cortex.c.obj
 .text.HAL_NVIC_SetPriorityGrouping
                0x08001648       0x40 CMakeFiles/GPIO_Button.dir/Drivers/STM32F1xx_HAL_Driver/Src/stm32f1xx_hal_cortex.c.obj
                0x08001648                HAL_NVIC_SetPriorityGrouping
 .text.HAL_NVIC_SetPriority
                0x08001688       0x58 CMakeFiles/GPIO_Button.dir/Drivers/STM32F1xx_HAL_Driver/Src/stm32f1xx_hal_cortex.c.obj
                0x08001688                HAL_NVIC_SetPriority
 .text.HAL_SYSTICK_Config
                0x080016e0       0x18 CMakeFiles/GPIO_Button.dir/Drivers/STM32F1xx_HAL_Driver/Src/stm32f1xx_hal_cortex.c.obj
                0x080016e0                HAL_SYSTICK_Config
 .text.SystemInit
                0x080016f8        0xc CMakeFiles/GPIO_Button.dir/Core/Src/system_stm32f1xx.c.obj
                0x080016f8                SystemInit
 .text.Reset_Handler
                0x08001704       0x48 CMakeFiles/GPIO_Button.dir/Core/Startup/startup_stm32f103xb.s.obj
                0x08001704                Reset_Handler
 .text.Default_Handler
                0x0800174c        0x2 CMakeFiles/GPIO_Button.dir/Core/Startup/startup_stm32f103xb.s.obj
                0x0800174c                RTC_Alarm_IRQHandler
                0x0800174c                EXTI2_IRQHandler
                0x0800174c                DebugMon_Handler
                0x0800174c                TIM1_CC_IRQHandler
                0x0800174c                HardFault_Handler
                0x0800174c                SysTick_Handler
                0x0800174c                PVD_IRQHandler
                0x0800174c                PendSV_Handler
                0x0800174c                NMI_Handler
                0x0800174c                EXTI3_IRQHandler
                0x0800174c                EXTI0_IRQHandler
                0x0800174c                I2C2_EV_IRQHandler
                0x0800174c                UsageFault_Handler
                0x0800174c                ADC1_2_IRQHandler
                0x0800174c                SPI1_IRQHandler
                0x0800174c                TAMPER_IRQHandler
                0x0800174c                DMA1_Channel4_IRQHandler
                0x0800174c                USART3_IRQHandler
                0x0800174c                RTC_IRQHandler
                0x0800174c                DMA1_Channel7_IRQHandler
                0x0800174c                CAN1_RX1_IRQHandler
                0x0800174c                TIM4_IRQHandler
                0x0800174c                I2C1_EV_IRQHandler
                0x0800174c                DMA1_Channel6_IRQHandler
                0x0800174c                TIM3_IRQHandler
                0x0800174c                RCC_IRQHandler
                0x0800174c                TIM1_TRG_COM_IRQHandler
                0x0800174c                DMA1_Channel1_IRQHandler
                0x0800174c                Default_Handler
                0x0800174c                EXTI15_10_IRQHandler
                0x0800174c                EXTI9_5_IRQHandler
                0x0800174c                SPI2_IRQHandler
                0x0800174c                MemManage_Handler
                0x0800174c                SVC_Handler
                0x0800174c                DMA1_Channel5_IRQHandler
                0x0800174c                EXTI4_IRQHandler
                0x0800174c                USB_LP_CAN1_RX0_IRQHandler
                0x0800174c                USB_HP_CAN1_TX_IRQHandler
                0x0800174c                DMA1_Channel3_IRQHandler
                0x0800174c                TIM1_UP_IRQHandler
                0x0800174c                WWDG_IRQHandler
                0x0800174c                TIM2_IRQHandler
                0x0800174c                TIM1_BRK_IRQHandler
                0x0800174c                EXTI1_IRQHandler
                0x0800174c                USART2_IRQHandler
                0x0800174c                I2C2_ER_IRQHandler
                0x0800174c                DMA1_Channel2_IRQHandler
                0x0800174c                CAN1_SCE_IRQHandler
                0x0800174c                FLASH_IRQHandler
                0x0800174c                BusFault_Handler
                0x0800174c                USART1_IRQHandler
                0x0800174c                I2C1_ER_IRQHandler
                0x0800174c                USBWakeUp_IRQHandler
 *(.glue_7)
 .glue_7        0x0800174e        0x0 linker stubs
 *(.glue_7t)
 .glue_7t       0x0800174e        0x0 linker stubs
 *(.eh_frame)
 *fill*         0x0800174e        0x2 
 .eh_frame      0x08001750        0x0 c:/progra~2/armgnu~1/12977f~1.2mp/bin/../lib/gcc/arm-none-eabi/12.2.1/thumb/v7-m/nofp/crtbegin.o
 *(.init)
 .init          0x08001750        0x4 c:/progra~2/armgnu~1/12977f~1.2mp/bin/../lib/gcc/arm-none-eabi/12.2.1/thumb/v7-m/nofp/crti.o
                0x08001750                _init
 .init          0x08001754        0x8 c:/progra~2/armgnu~1/12977f~1.2mp/bin/../lib/gcc/arm-none-eabi/12.2.1/thumb/v7-m/nofp/crtn.o
 *(.fini)
 .fini          0x0800175c        0x4 c:/progra~2/armgnu~1/12977f~1.2mp/bin/../lib/gcc/arm-none-eabi/12.2.1/thumb/v7-m/nofp/crti.o
                0x0800175c                _fini
 .fini          0x08001760        0x8 c:/progra~2/armgnu~1/12977f~1.2mp/bin/../lib/gcc/arm-none-eabi/12.2.1/thumb/v7-m/nofp/crtn.o
                0x08001768                        . = ALIGN (0x4)
                0x08001768                        _etext = .

.vfp11_veneer   0x08001768        0x0
 .vfp11_veneer  0x08001768        0x0 linker stubs

.v4_bx          0x08001768        0x0
 .v4_bx         0x08001768        0x0 linker stubs

.iplt           0x08001768        0x0
 .iplt          0x08001768        0x0 c:/progra~2/armgnu~1/12977f~1.2mp/bin/../lib/gcc/arm-none-eabi/12.2.1/thumb/v7-m/nofp/crtbegin.o

.rodata         0x08001768      0x17c
                0x08001768                        . = ALIGN (0x4)
 *(.rodata)
 .rodata        0x08001768       0x71 CMakeFiles/GPIO_Button.dir/Drivers/STM32F1xx_HAL_Driver/Src/stm32f1xx_hal_gpio.c.obj
 *fill*         0x080017d9        0x3 
 .rodata        0x080017dc       0x70 CMakeFiles/GPIO_Button.dir/Drivers/STM32F1xx_HAL_Driver/Src/stm32f1xx_hal_rcc.c.obj
 .rodata        0x0800184c       0x73 CMakeFiles/GPIO_Button.dir/Drivers/STM32F1xx_HAL_Driver/Src/stm32f1xx_hal_cortex.c.obj
 *(.rodata*)
 *fill*         0x080018bf        0x1 
 .rodata.aPLLMULFactorTable.1
                0x080018c0       0x10 CMakeFiles/GPIO_Button.dir/Drivers/STM32F1xx_HAL_Driver/Src/stm32f1xx_hal_rcc.c.obj
 .rodata.aPredivFactorTable.0
                0x080018d0        0x2 CMakeFiles/GPIO_Button.dir/Drivers/STM32F1xx_HAL_Driver/Src/stm32f1xx_hal_rcc.c.obj
 *fill*         0x080018d2        0x2 
 .rodata.AHBPrescTable
                0x080018d4       0x10 CMakeFiles/GPIO_Button.dir/Core/Src/system_stm32f1xx.c.obj
                0x080018d4                AHBPrescTable
                0x080018e4                        . = ALIGN (0x4)

.ARM.extab      0x080018e4        0x0
                0x080018e4                        . = ALIGN (0x4)
 *(.ARM.extab* .gnu.linkonce.armextab.*)
                0x080018e4                        . = ALIGN (0x4)

.ARM            0x080018e4        0x0
                0x080018e4                        . = ALIGN (0x4)
                0x080018e4                        __exidx_start = .
 *(.ARM.exidx*)
                0x080018e4                        __exidx_end = .
                0x080018e4                        . = ALIGN (0x4)

.preinit_array  0x080018e4        0x0
                0x080018e4                        . = ALIGN (0x4)
                0x080018e4                        PROVIDE (__preinit_array_start = .)
 *(.preinit_array*)
                0x080018e4                        PROVIDE (__preinit_array_end = .)
                0x080018e4                        . = ALIGN (0x4)

.init_array     0x080018e4        0x4
                0x080018e4                        . = ALIGN (0x4)
                0x080018e4                        PROVIDE (__init_array_start = .)
 *(SORT_BY_NAME(.init_array.*))
 *(.init_array*)
 .init_array    0x080018e4        0x4 c:/progra~2/armgnu~1/12977f~1.2mp/bin/../lib/gcc/arm-none-eabi/12.2.1/thumb/v7-m/nofp/crtbegin.o
                0x080018e8                        PROVIDE (__init_array_end = .)
                0x080018e8                        . = ALIGN (0x4)

.fini_array     0x080018e8        0x4
                0x080018e8                        . = ALIGN (0x4)
                [!provide]                        PROVIDE (__fini_array_start = .)
 *(SORT_BY_NAME(.fini_array.*))
 *(.fini_array*)
 .fini_array    0x080018e8        0x4 c:/progra~2/armgnu~1/12977f~1.2mp/bin/../lib/gcc/arm-none-eabi/12.2.1/thumb/v7-m/nofp/crtbegin.o
                [!provide]                        PROVIDE (__fini_array_end = .)
                0x080018ec                        . = ALIGN (0x4)
                0x080018ec                        _sidata = LOADADDR (.data)

.rel.dyn        0x080018ec        0x0
 .rel.iplt      0x080018ec        0x0 c:/progra~2/armgnu~1/12977f~1.2mp/bin/../lib/gcc/arm-none-eabi/12.2.1/thumb/v7-m/nofp/crtbegin.o

.data           0x20000000        0xc load address 0x080018ec
                0x20000000                        . = ALIGN (0x4)
                0x20000000                        _sdata = .
 *(.data)
 *(.data*)
 .data.uwTickPrio
                0x20000000        0x4 CMakeFiles/GPIO_Button.dir/Drivers/STM32F1xx_HAL_Driver/Src/stm32f1xx_hal.c.obj
                0x20000000                uwTickPrio
 .data.uwTickFreq
                0x20000004        0x1 CMakeFiles/GPIO_Button.dir/Drivers/STM32F1xx_HAL_Driver/Src/stm32f1xx_hal.c.obj
                0x20000004                uwTickFreq
 *fill*         0x20000005        0x3 
 .data.SystemCoreClock
                0x20000008        0x4 CMakeFiles/GPIO_Button.dir/Core/Src/system_stm32f1xx.c.obj
                0x20000008                SystemCoreClock
 *(.RamFunc)
 *(.RamFunc*)
                0x2000000c                        . = ALIGN (0x4)

.tm_clone_table
                0x2000000c        0x0 load address 0x080018f8
 .tm_clone_table
                0x2000000c        0x0 c:/progra~2/armgnu~1/12977f~1.2mp/bin/../lib/gcc/arm-none-eabi/12.2.1/thumb/v7-m/nofp/crtbegin.o
 .tm_clone_table
                0x2000000c        0x0 c:/progra~2/armgnu~1/12977f~1.2mp/bin/../lib/gcc/arm-none-eabi/12.2.1/thumb/v7-m/nofp/crtend.o

.igot.plt       0x2000000c        0x0 load address 0x080018f8
 .igot.plt      0x2000000c        0x0 c:/progra~2/armgnu~1/12977f~1.2mp/bin/../lib/gcc/arm-none-eabi/12.2.1/thumb/v7-m/nofp/crtbegin.o

.tdata          0x2000000c        0x0 load address 0x080018f8
 *(.tdata .tdata.* .gnu.linkonce.td.*)
                0x2000000c                        . = ALIGN (0x4)
                0x2000000c                        _edata = .
                [!provide]                        PROVIDE (__data_end = .)
                [!provide]                        PROVIDE (__tdata_end = .)
                [!provide]                        PROVIDE (__tdata_start = ADDR (.tdata))
                [!provide]                        PROVIDE (__tdata_size = (__tdata_end - __tdata_start))
                [!provide]                        PROVIDE (__data_start = ADDR (.data))
                [!provide]                        PROVIDE (__data_size = (__data_end - __data_start))
                [!provide]                        PROVIDE (__tdata_source = LOADADDR (.tdata))
                [!provide]                        PROVIDE (__tdata_source_end = (LOADADDR (.tdata) + SIZEOF (.tdata)))
                [!provide]                        PROVIDE (__tdata_source_size = (__tdata_source_end - __tdata_source))
                [!provide]                        PROVIDE (__data_source = LOADADDR (.data))
                [!provide]                        PROVIDE (__data_source_end = __tdata_source_end)
                [!provide]                        PROVIDE (__data_source_size = (__data_source_end - __data_source))

.tbss           0x2000000c        0x0 load address 0x080018f8
                0x2000000c                        _sbss = .
                0x2000000c                        __bss_start__ = _sbss
 *(.tbss .tbss.*)
                0x2000000c                        . = ALIGN (0x4)
                [!provide]                        PROVIDE (__tbss_end = .)
                [!provide]                        PROVIDE (__tbss_start = ADDR (.tbss))
                [!provide]                        PROVIDE (__tbss_size = (__tbss_end - __tbss_start))
                [!provide]                        PROVIDE (__tbss_offset = (ADDR (.tbss) - ADDR (.tdata)))
                [!provide]                        PROVIDE (__tls_base = __tdata_start)
                [!provide]                        PROVIDE (__tls_end = __tbss_end)
                [!provide]                        PROVIDE (__tls_size = (__tls_end - __tls_base))
                [!provide]                        PROVIDE (__tls_align = MAX (ALIGNOF (.tdata), ALIGNOF (.tbss)))
                [!provide]                        PROVIDE (__tls_size_align = (((__tls_size + __tls_align) - 0x1) & ~ ((__tls_align - 0x1))))
                [!provide]                        PROVIDE (__arm32_tls_tcb_offset = MAX (0x8, __tls_align))
                [!provide]                        PROVIDE (__arm64_tls_tcb_offset = MAX (0x10, __tls_align))

.bss            0x2000000c       0x20 load address 0x080018f8
 *(.bss)
 *(.bss*)
 .bss.completed.1
                0x2000000c        0x1 c:/progra~2/armgnu~1/12977f~1.2mp/bin/../lib/gcc/arm-none-eabi/12.2.1/thumb/v7-m/nofp/crtbegin.o
 *fill*         0x2000000d        0x3 
 .bss.object.0  0x20000010       0x18 c:/progra~2/armgnu~1/12977f~1.2mp/bin/../lib/gcc/arm-none-eabi/12.2.1/thumb/v7-m/nofp/crtbegin.o
 .bss.uwTick    0x20000028        0x4 CMakeFiles/GPIO_Button.dir/Drivers/STM32F1xx_HAL_Driver/Src/stm32f1xx_hal.c.obj
                0x20000028                uwTick
 *(COMMON)
                0x2000002c                        . = ALIGN (0x4)
                0x2000002c                        _ebss = .
                0x2000002c                        __bss_end__ = _ebss
                [!provide]                        PROVIDE (__bss_end = .)
                [!provide]                        PROVIDE (__non_tls_bss_start = ADDR (.bss))
                [!provide]                        PROVIDE (__bss_start = __tbss_start)
                [!provide]                        PROVIDE (__bss_size = (__bss_end - __bss_start))

._user_heap_stack
                0x2000002c      0x604 load address 0x080018f8
                0x20000030                        . = ALIGN (0x8)
 *fill*         0x2000002c        0x4 
                [!provide]                        PROVIDE (end = .)
                [!provide]                        PROVIDE (_end = .)
                0x20000230                        . = (. + _Min_Heap_Size)
 *fill*         0x20000030      0x200 
                0x20000630                        . = (. + _Min_Stack_Size)
 *fill*         0x20000230      0x400 
                0x20000630                        . = ALIGN (0x8)

/DISCARD/
 libc.a:*(*)
 libm.a:*(*)
 libgcc.a:*(*)
OUTPUT(GPIO_Button.elf elf32-littlearm)
LOAD linker stubs

.ARM.attributes
                0x00000000       0x29
 .ARM.attributes
                0x00000000       0x1d c:/progra~2/armgnu~1/12977f~1.2mp/bin/../lib/gcc/arm-none-eabi/12.2.1/thumb/v7-m/nofp/crti.o
 .ARM.attributes
                0x0000001d       0x2d c:/progra~2/armgnu~1/12977f~1.2mp/bin/../lib/gcc/arm-none-eabi/12.2.1/thumb/v7-m/nofp/crtbegin.o
 .ARM.attributes
                0x0000004a       0x2d c:/progra~2/armgnu~1/12977f~1.2mp/bin/../lib/gcc/arm-none-eabi/12.2.1/thumb/v7-m/nofp\libc_nano.a(libc_a-memset.o)
 .ARM.attributes
                0x00000077       0x2d c:/progra~2/armgnu~1/12977f~1.2mp/bin/../lib/gcc/arm-none-eabi/12.2.1/thumb/v7-m/nofp\libc_nano.a(libc_a-init.o)
 .ARM.attributes
                0x000000a4       0x2d CMakeFiles/GPIO_Button.dir/Core/Src/main.c.obj
 .ARM.attributes
                0x000000d1       0x2d CMakeFiles/GPIO_Button.dir/Drivers/STM32F1xx_HAL_Driver/Src/stm32f1xx_hal.c.obj
 .ARM.attributes
                0x000000fe       0x2d CMakeFiles/GPIO_Button.dir/Drivers/STM32F1xx_HAL_Driver/Src/stm32f1xx_hal_gpio.c.obj
 .ARM.attributes
                0x0000012b       0x2d CMakeFiles/GPIO_Button.dir/Drivers/STM32F1xx_HAL_Driver/Src/stm32f1xx_hal_rcc.c.obj
 .ARM.attributes
                0x00000158       0x2d CMakeFiles/GPIO_Button.dir/Drivers/STM32F1xx_HAL_Driver/Src/stm32f1xx_hal_cortex.c.obj
 .ARM.attributes
                0x00000185       0x2d CMakeFiles/GPIO_Button.dir/Core/Src/system_stm32f1xx.c.obj
 .ARM.attributes
                0x000001b2       0x21 CMakeFiles/GPIO_Button.dir/Core/Startup/startup_stm32f103xb.s.obj
 .ARM.attributes
                0x000001d3       0x2d c:/progra~2/armgnu~1/12977f~1.2mp/bin/../lib/gcc/arm-none-eabi/12.2.1/thumb/v7-m/nofp/crtend.o
 .ARM.attributes
                0x00000200       0x1d c:/progra~2/armgnu~1/12977f~1.2mp/bin/../lib/gcc/arm-none-eabi/12.2.1/thumb/v7-m/nofp/crtn.o

.comment        0x00000000       0x55
 .comment       0x00000000       0x55 CMakeFiles/GPIO_Button.dir/Core/Src/main.c.obj
                                 0x56 (size before relaxing)
 .comment       0x00000055       0x56 CMakeFiles/GPIO_Button.dir/Drivers/STM32F1xx_HAL_Driver/Src/stm32f1xx_hal.c.obj
 .comment       0x00000055       0x56 CMakeFiles/GPIO_Button.dir/Drivers/STM32F1xx_HAL_Driver/Src/stm32f1xx_hal_gpio.c.obj
 .comment       0x00000055       0x56 CMakeFiles/GPIO_Button.dir/Drivers/STM32F1xx_HAL_Driver/Src/stm32f1xx_hal_rcc.c.obj
 .comment       0x00000055       0x56 CMakeFiles/GPIO_Button.dir/Drivers/STM32F1xx_HAL_Driver/Src/stm32f1xx_hal_cortex.c.obj
 .comment       0x00000055       0x56 CMakeFiles/GPIO_Button.dir/Core/Src/system_stm32f1xx.c.obj

.debug_frame    0x00000000      0xbd0
 .debug_frame   0x00000000       0x20 c:/progra~2/armgnu~1/12977f~1.2mp/bin/../lib/gcc/arm-none-eabi/12.2.1/thumb/v7-m/nofp\libc_nano.a(libc_a-memset.o)
 .debug_frame   0x00000020       0x2c c:/progra~2/armgnu~1/12977f~1.2mp/bin/../lib/gcc/arm-none-eabi/12.2.1/thumb/v7-m/nofp\libc_nano.a(libc_a-init.o)
 .debug_frame   0x0000004c       0x88 CMakeFiles/GPIO_Button.dir/Core/Src/main.c.obj
 .debug_frame   0x000000d4      0x334 CMakeFiles/GPIO_Button.dir/Drivers/STM32F1xx_HAL_Driver/Src/stm32f1xx_hal.c.obj
 .debug_frame   0x00000408      0x138 CMakeFiles/GPIO_Button.dir/Drivers/STM32F1xx_HAL_Driver/Src/stm32f1xx_hal_gpio.c.obj
 .debug_frame   0x00000540      0x214 CMakeFiles/GPIO_Button.dir/Drivers/STM32F1xx_HAL_Driver/Src/stm32f1xx_hal_rcc.c.obj
 .debug_frame   0x00000754      0x424 CMakeFiles/GPIO_Button.dir/Drivers/STM32F1xx_HAL_Driver/Src/stm32f1xx_hal_cortex.c.obj
 .debug_frame   0x00000b78       0x58 CMakeFiles/GPIO_Button.dir/Core/Src/system_stm32f1xx.c.obj

.debug_info     0x00000000     0x2724
 .debug_info    0x00000000      0x51d CMakeFiles/GPIO_Button.dir/Core/Src/main.c.obj
 .debug_info    0x0000051d      0x73b CMakeFiles/GPIO_Button.dir/Drivers/STM32F1xx_HAL_Driver/Src/stm32f1xx_hal.c.obj
 .debug_info    0x00000c58      0x5dc CMakeFiles/GPIO_Button.dir/Drivers/STM32F1xx_HAL_Driver/Src/stm32f1xx_hal_gpio.c.obj
 .debug_info    0x00001234      0x804 CMakeFiles/GPIO_Button.dir/Drivers/STM32F1xx_HAL_Driver/Src/stm32f1xx_hal_rcc.c.obj
 .debug_info    0x00001a38      0xaa1 CMakeFiles/GPIO_Button.dir/Drivers/STM32F1xx_HAL_Driver/Src/stm32f1xx_hal_cortex.c.obj
 .debug_info    0x000024d9      0x21b CMakeFiles/GPIO_Button.dir/Core/Src/system_stm32f1xx.c.obj
 .debug_info    0x000026f4       0x30 CMakeFiles/GPIO_Button.dir/Core/Startup/startup_stm32f103xb.s.obj

.debug_abbrev   0x00000000      0xd1d
 .debug_abbrev  0x00000000      0x223 CMakeFiles/GPIO_Button.dir/Core/Src/main.c.obj
 .debug_abbrev  0x00000223      0x209 CMakeFiles/GPIO_Button.dir/Drivers/STM32F1xx_HAL_Driver/Src/stm32f1xx_hal.c.obj
 .debug_abbrev  0x0000042c      0x1e7 CMakeFiles/GPIO_Button.dir/Drivers/STM32F1xx_HAL_Driver/Src/stm32f1xx_hal_gpio.c.obj
 .debug_abbrev  0x00000613      0x2ad CMakeFiles/GPIO_Button.dir/Drivers/STM32F1xx_HAL_Driver/Src/stm32f1xx_hal_rcc.c.obj
 .debug_abbrev  0x000008c0      0x2fa CMakeFiles/GPIO_Button.dir/Drivers/STM32F1xx_HAL_Driver/Src/stm32f1xx_hal_cortex.c.obj
 .debug_abbrev  0x00000bba      0x13f CMakeFiles/GPIO_Button.dir/Core/Src/system_stm32f1xx.c.obj
 .debug_abbrev  0x00000cf9       0x24 CMakeFiles/GPIO_Button.dir/Core/Startup/startup_stm32f103xb.s.obj

.debug_aranges  0x00000000      0x350
 .debug_aranges
                0x00000000       0x38 CMakeFiles/GPIO_Button.dir/Core/Src/main.c.obj
 .debug_aranges
                0x00000038       0xe0 CMakeFiles/GPIO_Button.dir/Drivers/STM32F1xx_HAL_Driver/Src/stm32f1xx_hal.c.obj
 .debug_aranges
                0x00000118       0x58 CMakeFiles/GPIO_Button.dir/Drivers/STM32F1xx_HAL_Driver/Src/stm32f1xx_hal_gpio.c.obj
 .debug_aranges
                0x00000170       0x90 CMakeFiles/GPIO_Button.dir/Drivers/STM32F1xx_HAL_Driver/Src/stm32f1xx_hal_rcc.c.obj
 .debug_aranges
                0x00000200      0x100 CMakeFiles/GPIO_Button.dir/Drivers/STM32F1xx_HAL_Driver/Src/stm32f1xx_hal_cortex.c.obj
 .debug_aranges
                0x00000300       0x28 CMakeFiles/GPIO_Button.dir/Core/Src/system_stm32f1xx.c.obj
 .debug_aranges
                0x00000328       0x28 CMakeFiles/GPIO_Button.dir/Core/Startup/startup_stm32f103xb.s.obj

.debug_rnglists
                0x00000000      0x265
 .debug_rnglists
                0x00000000       0x26 CMakeFiles/GPIO_Button.dir/Core/Src/main.c.obj
 .debug_rnglists
                0x00000026       0xa3 CMakeFiles/GPIO_Button.dir/Drivers/STM32F1xx_HAL_Driver/Src/stm32f1xx_hal.c.obj
 .debug_rnglists
                0x000000c9       0x40 CMakeFiles/GPIO_Button.dir/Drivers/STM32F1xx_HAL_Driver/Src/stm32f1xx_hal_gpio.c.obj
 .debug_rnglists
                0x00000109       0x6e CMakeFiles/GPIO_Button.dir/Drivers/STM32F1xx_HAL_Driver/Src/stm32f1xx_hal_rcc.c.obj
 .debug_rnglists
                0x00000177       0xbb CMakeFiles/GPIO_Button.dir/Drivers/STM32F1xx_HAL_Driver/Src/stm32f1xx_hal_cortex.c.obj
 .debug_rnglists
                0x00000232       0x1a CMakeFiles/GPIO_Button.dir/Core/Src/system_stm32f1xx.c.obj
 .debug_rnglists
                0x0000024c       0x19 CMakeFiles/GPIO_Button.dir/Core/Startup/startup_stm32f103xb.s.obj

.debug_macro    0x00000000    0x18421
 .debug_macro   0x00000000      0x2eb CMakeFiles/GPIO_Button.dir/Core/Src/main.c.obj
 .debug_macro   0x000002eb      0xac6 CMakeFiles/GPIO_Button.dir/Core/Src/main.c.obj
 .debug_macro   0x00000db1      0x2c7 CMakeFiles/GPIO_Button.dir/Core/Src/main.c.obj
 .debug_macro   0x00001078       0x2e CMakeFiles/GPIO_Button.dir/Core/Src/main.c.obj
 .debug_macro   0x000010a6       0x22 CMakeFiles/GPIO_Button.dir/Core/Src/main.c.obj
 .debug_macro   0x000010c8       0x22 CMakeFiles/GPIO_Button.dir/Core/Src/main.c.obj
 .debug_macro   0x000010ea       0x8e CMakeFiles/GPIO_Button.dir/Core/Src/main.c.obj
 .debug_macro   0x00001178       0x51 CMakeFiles/GPIO_Button.dir/Core/Src/main.c.obj
 .debug_macro   0x000011c9      0x103 CMakeFiles/GPIO_Button.dir/Core/Src/main.c.obj
 .debug_macro   0x000012cc       0x6a CMakeFiles/GPIO_Button.dir/Core/Src/main.c.obj
 .debug_macro   0x00001336      0x1df CMakeFiles/GPIO_Button.dir/Core/Src/main.c.obj
 .debug_macro   0x00001515       0x1c CMakeFiles/GPIO_Button.dir/Core/Src/main.c.obj
 .debug_macro   0x00001531       0x22 CMakeFiles/GPIO_Button.dir/Core/Src/main.c.obj
 .debug_macro   0x00001553       0xbd CMakeFiles/GPIO_Button.dir/Core/Src/main.c.obj
 .debug_macro   0x00001610      0xd23 CMakeFiles/GPIO_Button.dir/Core/Src/main.c.obj
 .debug_macro   0x00002333     0xe09e CMakeFiles/GPIO_Button.dir/Core/Src/main.c.obj
 .debug_macro   0x000103d1       0x6d CMakeFiles/GPIO_Button.dir/Core/Src/main.c.obj
 .debug_macro   0x0001043e     0x34a2 CMakeFiles/GPIO_Button.dir/Core/Src/main.c.obj
 .debug_macro   0x000138e0      0x189 CMakeFiles/GPIO_Button.dir/Core/Src/main.c.obj
 .debug_macro   0x00013a69       0x5c CMakeFiles/GPIO_Button.dir/Core/Src/main.c.obj
 .debug_macro   0x00013ac5      0x5bc CMakeFiles/GPIO_Button.dir/Core/Src/main.c.obj
 .debug_macro   0x00014081      0x289 CMakeFiles/GPIO_Button.dir/Core/Src/main.c.obj
 .debug_macro   0x0001430a      0x1cb CMakeFiles/GPIO_Button.dir/Core/Src/main.c.obj
 .debug_macro   0x000144d5      0x114 CMakeFiles/GPIO_Button.dir/Core/Src/main.c.obj
 .debug_macro   0x000145e9      0x1b2 CMakeFiles/GPIO_Button.dir/Core/Src/main.c.obj
 .debug_macro   0x0001479b       0x27 CMakeFiles/GPIO_Button.dir/Core/Src/main.c.obj
 .debug_macro   0x000147c2      0x136 CMakeFiles/GPIO_Button.dir/Core/Src/main.c.obj
 .debug_macro   0x000148f8      0x1bc CMakeFiles/GPIO_Button.dir/Core/Src/main.c.obj
 .debug_macro   0x00014ab4       0x34 CMakeFiles/GPIO_Button.dir/Core/Src/main.c.obj
 .debug_macro   0x00014ae8       0x3c CMakeFiles/GPIO_Button.dir/Core/Src/main.c.obj
 .debug_macro   0x00014b24      0x408 CMakeFiles/GPIO_Button.dir/Core/Src/main.c.obj
 .debug_macro   0x00014f2c       0x57 CMakeFiles/GPIO_Button.dir/Core/Src/main.c.obj
 .debug_macro   0x00014f83      0x46a CMakeFiles/GPIO_Button.dir/Core/Src/main.c.obj
 .debug_macro   0x000153ed      0x1b5 CMakeFiles/GPIO_Button.dir/Core/Src/main.c.obj
 .debug_macro   0x000155a2       0x22 CMakeFiles/GPIO_Button.dir/Core/Src/main.c.obj
 .debug_macro   0x000155c4       0x87 CMakeFiles/GPIO_Button.dir/Core/Src/main.c.obj
 .debug_macro   0x0001564b      0x240 CMakeFiles/GPIO_Button.dir/Core/Src/main.c.obj
 .debug_macro   0x0001588b      0x287 CMakeFiles/GPIO_Button.dir/Core/Src/main.c.obj
 .debug_macro   0x00015b12       0x78 CMakeFiles/GPIO_Button.dir/Core/Src/main.c.obj
 .debug_macro   0x00015b8a      0x140 CMakeFiles/GPIO_Button.dir/Core/Src/main.c.obj
 .debug_macro   0x00015cca      0x1ef CMakeFiles/GPIO_Button.dir/Core/Src/main.c.obj
 .debug_macro   0x00015eb9       0xeb CMakeFiles/GPIO_Button.dir/Core/Src/main.c.obj
 .debug_macro   0x00015fa4      0x217 CMakeFiles/GPIO_Button.dir/Core/Src/main.c.obj
 .debug_macro   0x000161bb      0x8ed CMakeFiles/GPIO_Button.dir/Core/Src/main.c.obj
 .debug_macro   0x00016aa8      0x28e CMakeFiles/GPIO_Button.dir/Core/Src/main.c.obj
 .debug_macro   0x00016d36      0x217 CMakeFiles/GPIO_Button.dir/Core/Src/main.c.obj
 .debug_macro   0x00016f4d      0x1a7 CMakeFiles/GPIO_Button.dir/Core/Src/main.c.obj
 .debug_macro   0x000170f4      0x2cd CMakeFiles/GPIO_Button.dir/Core/Src/main.c.obj
 .debug_macro   0x000173c1       0x8d CMakeFiles/GPIO_Button.dir/Core/Src/main.c.obj
 .debug_macro   0x0001744e       0xb7 CMakeFiles/GPIO_Button.dir/Core/Src/main.c.obj
 .debug_macro   0x00017505      0x242 CMakeFiles/GPIO_Button.dir/Core/Src/main.c.obj
 .debug_macro   0x00017747       0x83 CMakeFiles/GPIO_Button.dir/Core/Src/main.c.obj
 .debug_macro   0x000177ca      0x2e1 CMakeFiles/GPIO_Button.dir/Drivers/STM32F1xx_HAL_Driver/Src/stm32f1xx_hal.c.obj
 .debug_macro   0x00017aab      0x328 CMakeFiles/GPIO_Button.dir/Drivers/STM32F1xx_HAL_Driver/Src/stm32f1xx_hal_gpio.c.obj
 .debug_macro   0x00017dd3      0x2cf CMakeFiles/GPIO_Button.dir/Drivers/STM32F1xx_HAL_Driver/Src/stm32f1xx_hal_rcc.c.obj
 .debug_macro   0x000180a2      0x2bd CMakeFiles/GPIO_Button.dir/Drivers/STM32F1xx_HAL_Driver/Src/stm32f1xx_hal_cortex.c.obj
 .debug_macro   0x0001835f       0xc2 CMakeFiles/GPIO_Button.dir/Core/Src/system_stm32f1xx.c.obj

.debug_line     0x00000000     0x4338
 .debug_line    0x00000000      0x93d CMakeFiles/GPIO_Button.dir/Core/Src/main.c.obj
 .debug_line    0x0000093d      0xaf1 CMakeFiles/GPIO_Button.dir/Drivers/STM32F1xx_HAL_Driver/Src/stm32f1xx_hal.c.obj
 .debug_line    0x0000142e      0xcd4 CMakeFiles/GPIO_Button.dir/Drivers/STM32F1xx_HAL_Driver/Src/stm32f1xx_hal_gpio.c.obj
 .debug_line    0x00002102     0x10bb CMakeFiles/GPIO_Button.dir/Drivers/STM32F1xx_HAL_Driver/Src/stm32f1xx_hal_rcc.c.obj
 .debug_line    0x000031bd      0xd56 CMakeFiles/GPIO_Button.dir/Drivers/STM32F1xx_HAL_Driver/Src/stm32f1xx_hal_cortex.c.obj
 .debug_line    0x00003f13      0x3ad CMakeFiles/GPIO_Button.dir/Core/Src/system_stm32f1xx.c.obj
 .debug_line    0x000042c0       0x78 CMakeFiles/GPIO_Button.dir/Core/Startup/startup_stm32f103xb.s.obj

.debug_str      0x00000000    0x97645
 .debug_str     0x00000000    0x96624 CMakeFiles/GPIO_Button.dir/Core/Src/main.c.obj
                              0x9695d (size before relaxing)
 .debug_str     0x00096624      0x667 CMakeFiles/GPIO_Button.dir/Drivers/STM32F1xx_HAL_Driver/Src/stm32f1xx_hal.c.obj
                              0x96e2c (size before relaxing)
 .debug_str     0x00096c8b      0x34b CMakeFiles/GPIO_Button.dir/Drivers/STM32F1xx_HAL_Driver/Src/stm32f1xx_hal_gpio.c.obj
                              0x96a7f (size before relaxing)
 .debug_str     0x00096fd6      0x278 CMakeFiles/GPIO_Button.dir/Drivers/STM32F1xx_HAL_Driver/Src/stm32f1xx_hal_rcc.c.obj
                              0x96b16 (size before relaxing)
 .debug_str     0x0009724e      0x2f3 CMakeFiles/GPIO_Button.dir/Drivers/STM32F1xx_HAL_Driver/Src/stm32f1xx_hal_cortex.c.obj
                              0x96d66 (size before relaxing)
 .debug_str     0x00097541       0x8a CMakeFiles/GPIO_Button.dir/Core/Src/system_stm32f1xx.c.obj
                              0x54758 (size before relaxing)
 .debug_str     0x000975cb       0x7a CMakeFiles/GPIO_Button.dir/Core/Startup/startup_stm32f103xb.s.obj
                                 0xbb (size before relaxing)

.debug_line_str
                0x00000000       0x9f
 .debug_line_str
                0x00000000       0x9f CMakeFiles/GPIO_Button.dir/Core/Startup/startup_stm32f103xb.s.obj
