Archive member included to satisfy reference by file (symbol)

c:/progra~2/armgnu~1/12977f~1.2mp/bin/../lib/gcc/arm-none-eabi/12.2.1/thumb/v7-m/nofp\libc_nano.a(libc_a-exit.o)
                              c:/progra~2/armgnu~1/12977f~1.2mp/bin/../lib/gcc/arm-none-eabi/12.2.1/thumb/v7-m/nofp/crt0.o (exit)
c:/progra~2/armgnu~1/12977f~1.2mp/bin/../lib/gcc/arm-none-eabi/12.2.1/thumb/v7-m/nofp\libc_nano.a(libc_a-findfp.o)
                              c:/progra~2/armgnu~1/12977f~1.2mp/bin/../lib/gcc/arm-none-eabi/12.2.1/thumb/v7-m/nofp\libc_nano.a(libc_a-exit.o) (__stdio_exit_handler)
c:/progra~2/armgnu~1/12977f~1.2mp/bin/../lib/gcc/arm-none-eabi/12.2.1/thumb/v7-m/nofp\libc_nano.a(libc_a-fwalk.o)
                              c:/progra~2/armgnu~1/12977f~1.2mp/bin/../lib/gcc/arm-none-eabi/12.2.1/thumb/v7-m/nofp\libc_nano.a(libc_a-findfp.o) (_fwalk_sglue)
c:/progra~2/armgnu~1/12977f~1.2mp/bin/../lib/gcc/arm-none-eabi/12.2.1/thumb/v7-m/nofp\libc_nano.a(libc_a-stdio.o)
                              c:/progra~2/armgnu~1/12977f~1.2mp/bin/../lib/gcc/arm-none-eabi/12.2.1/thumb/v7-m/nofp\libc_nano.a(libc_a-findfp.o) (__sread)
c:/progra~2/armgnu~1/12977f~1.2mp/bin/../lib/gcc/arm-none-eabi/12.2.1/thumb/v7-m/nofp\libc_nano.a(libc_a-memset.o)
                              c:/progra~2/armgnu~1/12977f~1.2mp/bin/../lib/gcc/arm-none-eabi/12.2.1/thumb/v7-m/nofp/crt0.o (memset)
c:/progra~2/armgnu~1/12977f~1.2mp/bin/../lib/gcc/arm-none-eabi/12.2.1/thumb/v7-m/nofp\libc_nano.a(libc_a-closer.o)
                              c:/progra~2/armgnu~1/12977f~1.2mp/bin/../lib/gcc/arm-none-eabi/12.2.1/thumb/v7-m/nofp\libc_nano.a(libc_a-stdio.o) (_close_r)
c:/progra~2/armgnu~1/12977f~1.2mp/bin/../lib/gcc/arm-none-eabi/12.2.1/thumb/v7-m/nofp\libc_nano.a(libc_a-reent.o)
                              c:/progra~2/armgnu~1/12977f~1.2mp/bin/../lib/gcc/arm-none-eabi/12.2.1/thumb/v7-m/nofp\libc_nano.a(libc_a-closer.o) (errno)
c:/progra~2/armgnu~1/12977f~1.2mp/bin/../lib/gcc/arm-none-eabi/12.2.1/thumb/v7-m/nofp\libc_nano.a(libc_a-impure.o)
                              c:/progra~2/armgnu~1/12977f~1.2mp/bin/../lib/gcc/arm-none-eabi/12.2.1/thumb/v7-m/nofp\libc_nano.a(libc_a-reent.o) (_impure_ptr)
c:/progra~2/armgnu~1/12977f~1.2mp/bin/../lib/gcc/arm-none-eabi/12.2.1/thumb/v7-m/nofp\libc_nano.a(libc_a-lseekr.o)
                              c:/progra~2/armgnu~1/12977f~1.2mp/bin/../lib/gcc/arm-none-eabi/12.2.1/thumb/v7-m/nofp\libc_nano.a(libc_a-stdio.o) (_lseek_r)
c:/progra~2/armgnu~1/12977f~1.2mp/bin/../lib/gcc/arm-none-eabi/12.2.1/thumb/v7-m/nofp\libc_nano.a(libc_a-readr.o)
                              c:/progra~2/armgnu~1/12977f~1.2mp/bin/../lib/gcc/arm-none-eabi/12.2.1/thumb/v7-m/nofp\libc_nano.a(libc_a-stdio.o) (_read_r)
c:/progra~2/armgnu~1/12977f~1.2mp/bin/../lib/gcc/arm-none-eabi/12.2.1/thumb/v7-m/nofp\libc_nano.a(libc_a-writer.o)
                              c:/progra~2/armgnu~1/12977f~1.2mp/bin/../lib/gcc/arm-none-eabi/12.2.1/thumb/v7-m/nofp\libc_nano.a(libc_a-stdio.o) (_write_r)
c:/progra~2/armgnu~1/12977f~1.2mp/bin/../lib/gcc/arm-none-eabi/12.2.1/thumb/v7-m/nofp\libc_nano.a(libc_a-init.o)
                              c:/progra~2/armgnu~1/12977f~1.2mp/bin/../lib/gcc/arm-none-eabi/12.2.1/thumb/v7-m/nofp/crt0.o (__libc_init_array)
c:/progra~2/armgnu~1/12977f~1.2mp/bin/../lib/gcc/arm-none-eabi/12.2.1/thumb/v7-m/nofp\libc_nano.a(libc_a-lock.o)
                              c:/progra~2/armgnu~1/12977f~1.2mp/bin/../lib/gcc/arm-none-eabi/12.2.1/thumb/v7-m/nofp\libc_nano.a(libc_a-findfp.o) (__retarget_lock_init_recursive)
c:/progra~2/armgnu~1/12977f~1.2mp/bin/../lib/gcc/arm-none-eabi/12.2.1/thumb/v7-m/nofp\libc_nano.a(libc_a-freer.o)
                              c:/progra~2/armgnu~1/12977f~1.2mp/bin/../lib/gcc/arm-none-eabi/12.2.1/thumb/v7-m/nofp\libc_nano.a(libc_a-reent.o) (_free_r)
c:/progra~2/armgnu~1/12977f~1.2mp/bin/../lib/gcc/arm-none-eabi/12.2.1/thumb/v7-m/nofp\libc_nano.a(libc_a-mallocr.o)
                              c:/progra~2/armgnu~1/12977f~1.2mp/bin/../lib/gcc/arm-none-eabi/12.2.1/thumb/v7-m/nofp\libc_nano.a(libc_a-findfp.o) (_malloc_r)
c:/progra~2/armgnu~1/12977f~1.2mp/bin/../lib/gcc/arm-none-eabi/12.2.1/thumb/v7-m/nofp\libc_nano.a(libc_a-mlock.o)
                              c:/progra~2/armgnu~1/12977f~1.2mp/bin/../lib/gcc/arm-none-eabi/12.2.1/thumb/v7-m/nofp\libc_nano.a(libc_a-freer.o) (__malloc_lock)
c:/progra~2/armgnu~1/12977f~1.2mp/bin/../lib/gcc/arm-none-eabi/12.2.1/thumb/v7-m/nofp\libc_nano.a(libc_a-fflush.o)
                              c:/progra~2/armgnu~1/12977f~1.2mp/bin/../lib/gcc/arm-none-eabi/12.2.1/thumb/v7-m/nofp\libc_nano.a(libc_a-findfp.o) (_fflush_r)
c:/progra~2/armgnu~1/12977f~1.2mp/bin/../lib/gcc/arm-none-eabi/12.2.1/thumb/v7-m/nofp\libc_nano.a(libc_a-sbrkr.o)
                              c:/progra~2/armgnu~1/12977f~1.2mp/bin/../lib/gcc/arm-none-eabi/12.2.1/thumb/v7-m/nofp\libc_nano.a(libc_a-mallocr.o) (_sbrk_r)

Discarded input sections

[...]
Memory Configuration

Name             Origin             Length             Attributes
RAM              0x20000000         0x00005000         xrw
FLASH            0x08000000         0x00010000         xr
*default*        0x00000000         0xffffffff

Linker script and memory map

LOAD c:/progra~2/armgnu~1/12977f~1.2mp/bin/../lib/gcc/arm-none-eabi/12.2.1/thumb/v7-m/nofp/crti.o
LOAD c:/progra~2/armgnu~1/12977f~1.2mp/bin/../lib/gcc/arm-none-eabi/12.2.1/thumb/v7-m/nofp/crtbegin.o
LOAD c:/progra~2/armgnu~1/12977f~1.2mp/bin/../lib/gcc/arm-none-eabi/12.2.1/thumb/v7-m/nofp/crt0.o
START GROUP
LOAD c:/progra~2/armgnu~1/12977f~1.2mp/bin/../lib/gcc/arm-none-eabi/12.2.1/thumb/v7-m/nofp\libc_nano.a
LOAD c:/progra~2/armgnu~1/12977f~1.2mp/bin/../lib/gcc/arm-none-eabi/12.2.1/thumb/v7-m/nofp\libm.a
END GROUP
LOAD CMakeFiles/GPIO_Button.dir/Core/Src/main.c.obj
LOAD CMakeFiles/GPIO_Button.dir/Drivers/STM32F1xx_HAL_Driver/Src/stm32f1xx_hal.c.obj
LOAD CMakeFiles/GPIO_Button.dir/Drivers/STM32F1xx_HAL_Driver/Src/stm32f1xx_hal_gpio.c.obj
LOAD CMakeFiles/GPIO_Button.dir/Drivers/STM32F1xx_HAL_Driver/Src/stm32f1xx_hal_rcc.c.obj
LOAD CMakeFiles/GPIO_Button.dir/Drivers/STM32F1xx_HAL_Driver/Src/stm32f1xx_hal_cortex.c.obj
LOAD CMakeFiles/GPIO_Button.dir/Core/Src/system_stm32f1xx.c.obj
LOAD CMakeFiles/GPIO_Button.dir/Core/Startup/startup_stm32f103xb.s.obj
START GROUP
LOAD c:/progra~2/armgnu~1/12977f~1.2mp/bin/../lib/gcc/arm-none-eabi/12.2.1/thumb/v7-m/nofp\libgcc.a
LOAD c:/progra~2/armgnu~1/12977f~1.2mp/bin/../lib/gcc/arm-none-eabi/12.2.1/thumb/v7-m/nofp\libg_nano.a
LOAD c:/progra~2/armgnu~1/12977f~1.2mp/bin/../lib/gcc/arm-none-eabi/12.2.1/thumb/v7-m/nofp\libc_nano.a
END GROUP
START GROUP
LOAD c:/progra~2/armgnu~1/12977f~1.2mp/bin/../lib/gcc/arm-none-eabi/12.2.1/thumb/v7-m/nofp\libgcc.a
LOAD c:/progra~2/armgnu~1/12977f~1.2mp/bin/../lib/gcc/arm-none-eabi/12.2.1/thumb/v7-m/nofp\libc_nano.a
END GROUP
LOAD c:/progra~2/armgnu~1/12977f~1.2mp/bin/../lib/gcc/arm-none-eabi/12.2.1/thumb/v7-m/nofp/crtend.o
LOAD c:/progra~2/armgnu~1/12977f~1.2mp/bin/../lib/gcc/arm-none-eabi/12.2.1/thumb/v7-m/nofp/crtn.o
                0x20005000                        _estack = (ORIGIN (RAM) + LENGTH (RAM))
                0x20004c00                        _sstack = (_estack - _Min_Stack_Size)
                0x00000200                        _Min_Heap_Size = 0x200
                0x00000400                        _Min_Stack_Size = 0x400

.isr_vector     0x08000000      0x10c
                0x08000000                        . = ALIGN (0x4)
 *(.isr_vector)
 .isr_vector    0x08000000      0x10c CMakeFiles/GPIO_Button.dir/Core/Startup/startup_stm32f103xb.s.obj
                0x08000000                g_pfnVectors
                0x0800010c                        . = ALIGN (0x4)

.text           0x0800010c      0x1e0
                0x0800010c                        . = ALIGN (0x4)
 *(.text)
 *(.text*)
 .text.deregister_tm_clones
                0x0800010c       0x1c c:/progra~2/armgnu~1/12977f~1.2mp/bin/../lib/gcc/arm-none-eabi/12.2.1/thumb/v7-m/nofp/crtbegin.o
 .text.register_tm_clones
                0x08000128       0x24 c:/progra~2/armgnu~1/12977f~1.2mp/bin/../lib/gcc/arm-none-eabi/12.2.1/thumb/v7-m/nofp/crtbegin.o
 .text.__do_global_dtors_aux
                0x0800014c       0x28 c:/progra~2/armgnu~1/12977f~1.2mp/bin/../lib/gcc/arm-none-eabi/12.2.1/thumb/v7-m/nofp/crtbegin.o
 .text.frame_dummy
                0x08000174       0x24 c:/progra~2/armgnu~1/12977f~1.2mp/bin/../lib/gcc/arm-none-eabi/12.2.1/thumb/v7-m/nofp/crtbegin.o
 .text.__libc_init_array
                0x08000198       0x48 c:/progra~2/armgnu~1/12977f~1.2mp/bin/../lib/gcc/arm-none-eabi/12.2.1/thumb/v7-m/nofp\libc_nano.a(libc_a-init.o)
                0x08000198                __libc_init_array
 .text.delay_ms
                0x080001e0       0x54 CMakeFiles/GPIO_Button.dir/Core/Src/main.c.obj
                0x080001e0                delay_ms
 .text.main     0x08000234       0x48 CMakeFiles/GPIO_Button.dir/Core/Src/main.c.obj
                0x08000234                main
 .text.SystemInit
                0x0800027c        0xc CMakeFiles/GPIO_Button.dir/Core/Src/system_stm32f1xx.c.obj
                0x0800027c                SystemInit
 .text.Reset_Handler
                0x08000288       0x48 CMakeFiles/GPIO_Button.dir/Core/Startup/startup_stm32f103xb.s.obj
                0x08000288                Reset_Handler
 .text.Default_Handler
                0x080002d0        0x2 CMakeFiles/GPIO_Button.dir/Core/Startup/startup_stm32f103xb.s.obj
                0x080002d0                RTC_Alarm_IRQHandler
                0x080002d0                EXTI2_IRQHandler
                0x080002d0                DebugMon_Handler
                0x080002d0                TIM1_CC_IRQHandler
                0x080002d0                HardFault_Handler
                0x080002d0                SysTick_Handler
                0x080002d0                PVD_IRQHandler
                0x080002d0                PendSV_Handler
                0x080002d0                NMI_Handler
                0x080002d0                EXTI3_IRQHandler
                0x080002d0                EXTI0_IRQHandler
                0x080002d0                I2C2_EV_IRQHandler
                0x080002d0                UsageFault_Handler
                0x080002d0                ADC1_2_IRQHandler
                0x080002d0                SPI1_IRQHandler
                0x080002d0                TAMPER_IRQHandler
                0x080002d0                DMA1_Channel4_IRQHandler
                0x080002d0                USART3_IRQHandler
                0x080002d0                RTC_IRQHandler
                0x080002d0                DMA1_Channel7_IRQHandler
                0x080002d0                CAN1_RX1_IRQHandler
                0x080002d0                TIM4_IRQHandler
                0x080002d0                I2C1_EV_IRQHandler
                0x080002d0                DMA1_Channel6_IRQHandler
                0x080002d0                TIM3_IRQHandler
                0x080002d0                RCC_IRQHandler
                0x080002d0                TIM1_TRG_COM_IRQHandler
                0x080002d0                DMA1_Channel1_IRQHandler
                0x080002d0                Default_Handler
                0x080002d0                EXTI15_10_IRQHandler
                0x080002d0                EXTI9_5_IRQHandler
                0x080002d0                SPI2_IRQHandler
                0x080002d0                MemManage_Handler
                0x080002d0                SVC_Handler
                0x080002d0                DMA1_Channel5_IRQHandler
                0x080002d0                EXTI4_IRQHandler
                0x080002d0                USB_LP_CAN1_RX0_IRQHandler
                0x080002d0                USB_HP_CAN1_TX_IRQHandler
                0x080002d0                DMA1_Channel3_IRQHandler
                0x080002d0                TIM1_UP_IRQHandler
                0x080002d0                WWDG_IRQHandler
                0x080002d0                TIM2_IRQHandler
                0x080002d0                TIM1_BRK_IRQHandler
                0x080002d0                EXTI1_IRQHandler
                0x080002d0                USART2_IRQHandler
                0x080002d0                I2C2_ER_IRQHandler
                0x080002d0                DMA1_Channel2_IRQHandler
                0x080002d0                CAN1_SCE_IRQHandler
                0x080002d0                FLASH_IRQHandler
                0x080002d0                BusFault_Handler
                0x080002d0                USART1_IRQHandler
                0x080002d0                I2C1_ER_IRQHandler
                0x080002d0                USBWakeUp_IRQHandler
 *(.glue_7)
 .glue_7        0x080002d2        0x0 linker stubs
 *(.glue_7t)
 .glue_7t       0x080002d2        0x0 linker stubs
 *(.eh_frame)
 *fill*         0x080002d2        0x2 
 .eh_frame      0x080002d4        0x0 c:/progra~2/armgnu~1/12977f~1.2mp/bin/../lib/gcc/arm-none-eabi/12.2.1/thumb/v7-m/nofp/crtbegin.o
 *(.init)
 .init          0x080002d4        0x4 c:/progra~2/armgnu~1/12977f~1.2mp/bin/../lib/gcc/arm-none-eabi/12.2.1/thumb/v7-m/nofp/crti.o
                0x080002d4                _init
 .init          0x080002d8        0x8 c:/progra~2/armgnu~1/12977f~1.2mp/bin/../lib/gcc/arm-none-eabi/12.2.1/thumb/v7-m/nofp/crtn.o
 *(.fini)
 .fini          0x080002e0        0x4 c:/progra~2/armgnu~1/12977f~1.2mp/bin/../lib/gcc/arm-none-eabi/12.2.1/thumb/v7-m/nofp/crti.o
                0x080002e0                _fini
 .fini          0x080002e4        0x8 c:/progra~2/armgnu~1/12977f~1.2mp/bin/../lib/gcc/arm-none-eabi/12.2.1/thumb/v7-m/nofp/crtn.o
                0x080002ec                        . = ALIGN (0x4)
                0x080002ec                        _etext = .

.vfp11_veneer   0x080002ec        0x0
 .vfp11_veneer  0x080002ec        0x0 linker stubs

.v4_bx          0x080002ec        0x0
 .v4_bx         0x080002ec        0x0 linker stubs

.iplt           0x080002ec        0x0
 .iplt          0x080002ec        0x0 c:/progra~2/armgnu~1/12977f~1.2mp/bin/../lib/gcc/arm-none-eabi/12.2.1/thumb/v7-m/nofp/crtbegin.o

.rodata         0x080002ec        0x0
                0x080002ec                        . = ALIGN (0x4)
 *(.rodata)
 *(.rodata*)
                0x080002ec                        . = ALIGN (0x4)

.ARM.extab      0x080002ec        0x0
                0x080002ec                        . = ALIGN (0x4)
 *(.ARM.extab* .gnu.linkonce.armextab.*)
                0x080002ec                        . = ALIGN (0x4)

.ARM            0x080002ec        0x0
                0x080002ec                        . = ALIGN (0x4)
                0x080002ec                        __exidx_start = .
 *(.ARM.exidx*)
                0x080002ec                        __exidx_end = .
                0x080002ec                        . = ALIGN (0x4)

.preinit_array  0x080002ec        0x0
                0x080002ec                        . = ALIGN (0x4)
                0x080002ec                        PROVIDE (__preinit_array_start = .)
 *(.preinit_array*)
                0x080002ec                        PROVIDE (__preinit_array_end = .)
                0x080002ec                        . = ALIGN (0x4)

.init_array     0x080002ec        0x4
                0x080002ec                        . = ALIGN (0x4)
                0x080002ec                        PROVIDE (__init_array_start = .)
 *(SORT_BY_NAME(.init_array.*))
 *(.init_array*)
 .init_array    0x080002ec        0x4 c:/progra~2/armgnu~1/12977f~1.2mp/bin/../lib/gcc/arm-none-eabi/12.2.1/thumb/v7-m/nofp/crtbegin.o
                0x080002f0                        PROVIDE (__init_array_end = .)
                0x080002f0                        . = ALIGN (0x4)

.fini_array     0x080002f0        0x4
                0x080002f0                        . = ALIGN (0x4)
                [!provide]                        PROVIDE (__fini_array_start = .)
 *(SORT_BY_NAME(.fini_array.*))
 *(.fini_array*)
 .fini_array    0x080002f0        0x4 c:/progra~2/armgnu~1/12977f~1.2mp/bin/../lib/gcc/arm-none-eabi/12.2.1/thumb/v7-m/nofp/crtbegin.o
                [!provide]                        PROVIDE (__fini_array_end = .)
                0x080002f4                        . = ALIGN (0x4)
                0x080002f4                        _sidata = LOADADDR (.data)

.rel.dyn        0x080002f4        0x0
 .rel.iplt      0x080002f4        0x0 c:/progra~2/armgnu~1/12977f~1.2mp/bin/../lib/gcc/arm-none-eabi/12.2.1/thumb/v7-m/nofp/crtbegin.o

.data           0x20000000        0x0 load address 0x080002f4
                0x20000000                        . = ALIGN (0x4)
                0x20000000                        _sdata = .
 *(.data)
 *(.data*)
 *(.RamFunc)
 *(.RamFunc*)
                0x20000000                        . = ALIGN (0x4)

.tm_clone_table
                0x20000000        0x0 load address 0x080002f4
 .tm_clone_table
                0x20000000        0x0 c:/progra~2/armgnu~1/12977f~1.2mp/bin/../lib/gcc/arm-none-eabi/12.2.1/thumb/v7-m/nofp/crtbegin.o
 .tm_clone_table
                0x20000000        0x0 c:/progra~2/armgnu~1/12977f~1.2mp/bin/../lib/gcc/arm-none-eabi/12.2.1/thumb/v7-m/nofp/crtend.o

.igot.plt       0x20000000        0x0 load address 0x080002f4
 .igot.plt      0x20000000        0x0 c:/progra~2/armgnu~1/12977f~1.2mp/bin/../lib/gcc/arm-none-eabi/12.2.1/thumb/v7-m/nofp/crtbegin.o

.tdata          0x20000000        0x0 load address 0x080002f4
 *(.tdata .tdata.* .gnu.linkonce.td.*)
                0x20000000                        . = ALIGN (0x4)
                0x20000000                        _edata = .
                [!provide]                        PROVIDE (__data_end = .)
                [!provide]                        PROVIDE (__tdata_end = .)
                [!provide]                        PROVIDE (__tdata_start = ADDR (.tdata))
                [!provide]                        PROVIDE (__tdata_size = (__tdata_end - __tdata_start))
                [!provide]                        PROVIDE (__data_start = ADDR (.data))
                [!provide]                        PROVIDE (__data_size = (__data_end - __data_start))
                [!provide]                        PROVIDE (__tdata_source = LOADADDR (.tdata))
                [!provide]                        PROVIDE (__tdata_source_end = (LOADADDR (.tdata) + SIZEOF (.tdata)))
                [!provide]                        PROVIDE (__tdata_source_size = (__tdata_source_end - __tdata_source))
                [!provide]                        PROVIDE (__data_source = LOADADDR (.data))
                [!provide]                        PROVIDE (__data_source_end = __tdata_source_end)
                [!provide]                        PROVIDE (__data_source_size = (__data_source_end - __data_source))

.tbss           0x20000000        0x0 load address 0x080002f4
                0x20000000                        _sbss = .
                0x20000000                        __bss_start__ = _sbss
 *(.tbss .tbss.*)
                0x20000000                        . = ALIGN (0x4)
                [!provide]                        PROVIDE (__tbss_end = .)
                [!provide]                        PROVIDE (__tbss_start = ADDR (.tbss))
                [!provide]                        PROVIDE (__tbss_size = (__tbss_end - __tbss_start))
                [!provide]                        PROVIDE (__tbss_offset = (ADDR (.tbss) - ADDR (.tdata)))
                [!provide]                        PROVIDE (__tls_base = __tdata_start)
                [!provide]                        PROVIDE (__tls_end = __tbss_end)
                [!provide]                        PROVIDE (__tls_size = (__tls_end - __tls_base))
                [!provide]                        PROVIDE (__tls_align = MAX (ALIGNOF (.tdata), ALIGNOF (.tbss)))
                [!provide]                        PROVIDE (__tls_size_align = (((__tls_size + __tls_align) - 0x1) & ~ ((__tls_align - 0x1))))
                [!provide]                        PROVIDE (__arm32_tls_tcb_offset = MAX (0x8, __tls_align))
                [!provide]                        PROVIDE (__arm64_tls_tcb_offset = MAX (0x10, __tls_align))

.bss            0x20000000       0x1c load address 0x080002f4
 *(.bss)
 *(.bss*)
 .bss.completed.1
                0x20000000        0x1 c:/progra~2/armgnu~1/12977f~1.2mp/bin/../lib/gcc/arm-none-eabi/12.2.1/thumb/v7-m/nofp/crtbegin.o
 *fill*         0x20000001        0x3 
 .bss.object.0  0x20000004       0x18 c:/progra~2/armgnu~1/12977f~1.2mp/bin/../lib/gcc/arm-none-eabi/12.2.1/thumb/v7-m/nofp/crtbegin.o
 *(COMMON)
                0x2000001c                        . = ALIGN (0x4)
                0x2000001c                        _ebss = .
                0x2000001c                        __bss_end__ = _ebss
                [!provide]                        PROVIDE (__bss_end = .)
                [!provide]                        PROVIDE (__non_tls_bss_start = ADDR (.bss))
                [!provide]                        PROVIDE (__bss_start = __tbss_start)
                [!provide]                        PROVIDE (__bss_size = (__bss_end - __bss_start))

._user_heap_stack
                0x2000001c      0x604 load address 0x080002f4
                0x20000020                        . = ALIGN (0x8)
 *fill*         0x2000001c        0x4 
                [!provide]                        PROVIDE (end = .)
                [!provide]                        PROVIDE (_end = .)
                0x20000220                        . = (. + _Min_Heap_Size)
 *fill*         0x20000020      0x200 
                0x20000620                        . = (. + _Min_Stack_Size)
 *fill*         0x20000220      0x400 
                0x20000620                        . = ALIGN (0x8)

/DISCARD/
 libc.a:*(*)
 libm.a:*(*)
 libgcc.a:*(*)
OUTPUT(GPIO_Button.elf elf32-littlearm)
LOAD linker stubs

.ARM.attributes
                0x00000000       0x29
 .ARM.attributes
                0x00000000       0x1d c:/progra~2/armgnu~1/12977f~1.2mp/bin/../lib/gcc/arm-none-eabi/12.2.1/thumb/v7-m/nofp/crti.o
 .ARM.attributes
                0x0000001d       0x2d c:/progra~2/armgnu~1/12977f~1.2mp/bin/../lib/gcc/arm-none-eabi/12.2.1/thumb/v7-m/nofp/crtbegin.o
 .ARM.attributes
                0x0000004a       0x2d c:/progra~2/armgnu~1/12977f~1.2mp/bin/../lib/gcc/arm-none-eabi/12.2.1/thumb/v7-m/nofp\libc_nano.a(libc_a-init.o)
 .ARM.attributes
                0x00000077       0x2d CMakeFiles/GPIO_Button.dir/Core/Src/main.c.obj
 .ARM.attributes
                0x000000a4       0x2d CMakeFiles/GPIO_Button.dir/Core/Src/system_stm32f1xx.c.obj
 .ARM.attributes
                0x000000d1       0x21 CMakeFiles/GPIO_Button.dir/Core/Startup/startup_stm32f103xb.s.obj
 .ARM.attributes
                0x000000f2       0x2d c:/progra~2/armgnu~1/12977f~1.2mp/bin/../lib/gcc/arm-none-eabi/12.2.1/thumb/v7-m/nofp/crtend.o
 .ARM.attributes
                0x0000011f       0x1d c:/progra~2/armgnu~1/12977f~1.2mp/bin/../lib/gcc/arm-none-eabi/12.2.1/thumb/v7-m/nofp/crtn.o

.comment        0x00000000       0x55
 .comment       0x00000000       0x55 CMakeFiles/GPIO_Button.dir/Core/Src/main.c.obj
                                 0x56 (size before relaxing)
 .comment       0x00000055       0x56 CMakeFiles/GPIO_Button.dir/Core/Src/system_stm32f1xx.c.obj

.debug_frame    0x00000000       0xd8
 .debug_frame   0x00000000       0x2c c:/progra~2/armgnu~1/12977f~1.2mp/bin/../lib/gcc/arm-none-eabi/12.2.1/thumb/v7-m/nofp\libc_nano.a(libc_a-init.o)
 .debug_frame   0x0000002c       0x54 CMakeFiles/GPIO_Button.dir/Core/Src/main.c.obj
 .debug_frame   0x00000080       0x58 CMakeFiles/GPIO_Button.dir/Core/Src/system_stm32f1xx.c.obj

.debug_info     0x00000000      0x493
 .debug_info    0x00000000      0x248 CMakeFiles/GPIO_Button.dir/Core/Src/main.c.obj
 .debug_info    0x00000248      0x21b CMakeFiles/GPIO_Button.dir/Core/Src/system_stm32f1xx.c.obj
 .debug_info    0x00000463       0x30 CMakeFiles/GPIO_Button.dir/Core/Startup/startup_stm32f103xb.s.obj

.debug_abbrev   0x00000000      0x24d
 .debug_abbrev  0x00000000       0xea CMakeFiles/GPIO_Button.dir/Core/Src/main.c.obj
 .debug_abbrev  0x000000ea      0x13f CMakeFiles/GPIO_Button.dir/Core/Src/system_stm32f1xx.c.obj
 .debug_abbrev  0x00000229       0x24 CMakeFiles/GPIO_Button.dir/Core/Startup/startup_stm32f103xb.s.obj

.debug_aranges  0x00000000       0x78
 .debug_aranges
                0x00000000       0x28 CMakeFiles/GPIO_Button.dir/Core/Src/main.c.obj
 .debug_aranges
                0x00000028       0x28 CMakeFiles/GPIO_Button.dir/Core/Src/system_stm32f1xx.c.obj
 .debug_aranges
                0x00000050       0x28 CMakeFiles/GPIO_Button.dir/Core/Startup/startup_stm32f103xb.s.obj

.debug_rnglists
                0x00000000       0x4c
 .debug_rnglists
                0x00000000       0x19 CMakeFiles/GPIO_Button.dir/Core/Src/main.c.obj
 .debug_rnglists
                0x00000019       0x1a CMakeFiles/GPIO_Button.dir/Core/Src/system_stm32f1xx.c.obj
 .debug_rnglists
                0x00000033       0x19 CMakeFiles/GPIO_Button.dir/Core/Startup/startup_stm32f103xb.s.obj

.debug_macro    0x00000000    0x10010
 .debug_macro   0x00000000       0xc2 CMakeFiles/GPIO_Button.dir/Core/Src/main.c.obj
 .debug_macro   0x000000c2      0xac6 CMakeFiles/GPIO_Button.dir/Core/Src/main.c.obj
 .debug_macro   0x00000b88       0x2e CMakeFiles/GPIO_Button.dir/Core/Src/main.c.obj
 .debug_macro   0x00000bb6       0x22 CMakeFiles/GPIO_Button.dir/Core/Src/main.c.obj
 .debug_macro   0x00000bd8       0x22 CMakeFiles/GPIO_Button.dir/Core/Src/main.c.obj
 .debug_macro   0x00000bfa       0x8e CMakeFiles/GPIO_Button.dir/Core/Src/main.c.obj
 .debug_macro   0x00000c88       0x51 CMakeFiles/GPIO_Button.dir/Core/Src/main.c.obj
 .debug_macro   0x00000cd9      0x103 CMakeFiles/GPIO_Button.dir/Core/Src/main.c.obj
 .debug_macro   0x00000ddc       0x6a CMakeFiles/GPIO_Button.dir/Core/Src/main.c.obj
 .debug_macro   0x00000e46      0x1df CMakeFiles/GPIO_Button.dir/Core/Src/main.c.obj
 .debug_macro   0x00001025       0x1c CMakeFiles/GPIO_Button.dir/Core/Src/main.c.obj
 .debug_macro   0x00001041       0x22 CMakeFiles/GPIO_Button.dir/Core/Src/main.c.obj
 .debug_macro   0x00001063       0xbd CMakeFiles/GPIO_Button.dir/Core/Src/main.c.obj
 .debug_macro   0x00001120      0xd23 CMakeFiles/GPIO_Button.dir/Core/Src/main.c.obj
 .debug_macro   0x00001e43     0xe09e CMakeFiles/GPIO_Button.dir/Core/Src/main.c.obj
 .debug_macro   0x0000fee1       0x6d CMakeFiles/GPIO_Button.dir/Core/Src/main.c.obj
 .debug_macro   0x0000ff4e       0xc2 CMakeFiles/GPIO_Button.dir/Core/Src/system_stm32f1xx.c.obj

.debug_line     0x00000000      0x78d
 .debug_line    0x00000000      0x37d CMakeFiles/GPIO_Button.dir/Core/Src/main.c.obj
 .debug_line    0x0000037d      0x398 CMakeFiles/GPIO_Button.dir/Core/Src/system_stm32f1xx.c.obj
 .debug_line    0x00000715       0x78 CMakeFiles/GPIO_Button.dir/Core/Startup/startup_stm32f103xb.s.obj

.debug_str      0x00000000    0x54633
 .debug_str     0x00000000    0x544ee CMakeFiles/GPIO_Button.dir/Core/Src/main.c.obj
                              0x54710 (size before relaxing)
 .debug_str     0x000544ee       0xd2 CMakeFiles/GPIO_Button.dir/Core/Src/system_stm32f1xx.c.obj
                              0x5474a (size before relaxing)
 .debug_str     0x000545c0       0x73 CMakeFiles/GPIO_Button.dir/Core/Startup/startup_stm32f103xb.s.obj
                                 0xad (size before relaxing)

.debug_line_str
                0x00000000       0x91
 .debug_line_str
                0x00000000       0x91 CMakeFiles/GPIO_Button.dir/Core/Startup/startup_stm32f103xb.s.obj
