Archive member included to satisfy reference by file (symbol)

c:/progra~2/armgnu~1/12977f~1.2mp/bin/../lib/gcc/arm-none-eabi/12.2.1/thumb/v7-m/nofp\libc_nano.a(libc_a-exit.o)
                              c:/progra~2/armgnu~1/12977f~1.2mp/bin/../lib/gcc/arm-none-eabi/12.2.1/thumb/v7-m/nofp/crt0.o (exit)
c:/progra~2/armgnu~1/12977f~1.2mp/bin/../lib/gcc/arm-none-eabi/12.2.1/thumb/v7-m/nofp\libc_nano.a(libc_a-findfp.o)
                              c:/progra~2/armgnu~1/12977f~1.2mp/bin/../lib/gcc/arm-none-eabi/12.2.1/thumb/v7-m/nofp\libc_nano.a(libc_a-exit.o) (__stdio_exit_handler)
c:/progra~2/armgnu~1/12977f~1.2mp/bin/../lib/gcc/arm-none-eabi/12.2.1/thumb/v7-m/nofp\libc_nano.a(libc_a-fwalk.o)
                              c:/progra~2/armgnu~1/12977f~1.2mp/bin/../lib/gcc/arm-none-eabi/12.2.1/thumb/v7-m/nofp\libc_nano.a(libc_a-findfp.o) (_fwalk_sglue)
c:/progra~2/armgnu~1/12977f~1.2mp/bin/../lib/gcc/arm-none-eabi/12.2.1/thumb/v7-m/nofp\libc_nano.a(libc_a-stdio.o)
                              c:/progra~2/armgnu~1/12977f~1.2mp/bin/../lib/gcc/arm-none-eabi/12.2.1/thumb/v7-m/nofp\libc_nano.a(libc_a-findfp.o) (__sread)
c:/progra~2/armgnu~1/12977f~1.2mp/bin/../lib/gcc/arm-none-eabi/12.2.1/thumb/v7-m/nofp\libc_nano.a(libc_a-memset.o)
                              c:/progra~2/armgnu~1/12977f~1.2mp/bin/../lib/gcc/arm-none-eabi/12.2.1/thumb/v7-m/nofp/crt0.o (memset)
c:/progra~2/armgnu~1/12977f~1.2mp/bin/../lib/gcc/arm-none-eabi/12.2.1/thumb/v7-m/nofp\libc_nano.a(libc_a-closer.o)
                              c:/progra~2/armgnu~1/12977f~1.2mp/bin/../lib/gcc/arm-none-eabi/12.2.1/thumb/v7-m/nofp\libc_nano.a(libc_a-stdio.o) (_close_r)
c:/progra~2/armgnu~1/12977f~1.2mp/bin/../lib/gcc/arm-none-eabi/12.2.1/thumb/v7-m/nofp\libc_nano.a(libc_a-reent.o)
                              c:/progra~2/armgnu~1/12977f~1.2mp/bin/../lib/gcc/arm-none-eabi/12.2.1/thumb/v7-m/nofp\libc_nano.a(libc_a-closer.o) (errno)
c:/progra~2/armgnu~1/12977f~1.2mp/bin/../lib/gcc/arm-none-eabi/12.2.1/thumb/v7-m/nofp\libc_nano.a(libc_a-impure.o)
                              c:/progra~2/armgnu~1/12977f~1.2mp/bin/../lib/gcc/arm-none-eabi/12.2.1/thumb/v7-m/nofp\libc_nano.a(libc_a-reent.o) (_impure_ptr)
c:/progra~2/armgnu~1/12977f~1.2mp/bin/../lib/gcc/arm-none-eabi/12.2.1/thumb/v7-m/nofp\libc_nano.a(libc_a-lseekr.o)
                              c:/progra~2/armgnu~1/12977f~1.2mp/bin/../lib/gcc/arm-none-eabi/12.2.1/thumb/v7-m/nofp\libc_nano.a(libc_a-stdio.o) (_lseek_r)
c:/progra~2/armgnu~1/12977f~1.2mp/bin/../lib/gcc/arm-none-eabi/12.2.1/thumb/v7-m/nofp\libc_nano.a(libc_a-readr.o)
                              c:/progra~2/armgnu~1/12977f~1.2mp/bin/../lib/gcc/arm-none-eabi/12.2.1/thumb/v7-m/nofp\libc_nano.a(libc_a-stdio.o) (_read_r)
c:/progra~2/armgnu~1/12977f~1.2mp/bin/../lib/gcc/arm-none-eabi/12.2.1/thumb/v7-m/nofp\libc_nano.a(libc_a-writer.o)
                              c:/progra~2/armgnu~1/12977f~1.2mp/bin/../lib/gcc/arm-none-eabi/12.2.1/thumb/v7-m/nofp\libc_nano.a(libc_a-stdio.o) (_write_r)
c:/progra~2/armgnu~1/12977f~1.2mp/bin/../lib/gcc/arm-none-eabi/12.2.1/thumb/v7-m/nofp\libc_nano.a(libc_a-init.o)
                              c:/progra~2/armgnu~1/12977f~1.2mp/bin/../lib/gcc/arm-none-eabi/12.2.1/thumb/v7-m/nofp/crt0.o (__libc_init_array)
c:/progra~2/armgnu~1/12977f~1.2mp/bin/../lib/gcc/arm-none-eabi/12.2.1/thumb/v7-m/nofp\libc_nano.a(libc_a-lock.o)
                              c:/progra~2/armgnu~1/12977f~1.2mp/bin/../lib/gcc/arm-none-eabi/12.2.1/thumb/v7-m/nofp\libc_nano.a(libc_a-findfp.o) (__retarget_lock_init_recursive)
c:/progra~2/armgnu~1/12977f~1.2mp/bin/../lib/gcc/arm-none-eabi/12.2.1/thumb/v7-m/nofp\libc_nano.a(libc_a-freer.o)
                              c:/progra~2/armgnu~1/12977f~1.2mp/bin/../lib/gcc/arm-none-eabi/12.2.1/thumb/v7-m/nofp\libc_nano.a(libc_a-reent.o) (_free_r)
c:/progra~2/armgnu~1/12977f~1.2mp/bin/../lib/gcc/arm-none-eabi/12.2.1/thumb/v7-m/nofp\libc_nano.a(libc_a-mallocr.o)
                              c:/progra~2/armgnu~1/12977f~1.2mp/bin/../lib/gcc/arm-none-eabi/12.2.1/thumb/v7-m/nofp\libc_nano.a(libc_a-findfp.o) (_malloc_r)
c:/progra~2/armgnu~1/12977f~1.2mp/bin/../lib/gcc/arm-none-eabi/12.2.1/thumb/v7-m/nofp\libc_nano.a(libc_a-mlock.o)
                              c:/progra~2/armgnu~1/12977f~1.2mp/bin/../lib/gcc/arm-none-eabi/12.2.1/thumb/v7-m/nofp\libc_nano.a(libc_a-freer.o) (__malloc_lock)
c:/progra~2/armgnu~1/12977f~1.2mp/bin/../lib/gcc/arm-none-eabi/12.2.1/thumb/v7-m/nofp\libc_nano.a(libc_a-fflush.o)
                              c:/progra~2/armgnu~1/12977f~1.2mp/bin/../lib/gcc/arm-none-eabi/12.2.1/thumb/v7-m/nofp\libc_nano.a(libc_a-findfp.o) (_fflush_r)
c:/progra~2/armgnu~1/12977f~1.2mp/bin/../lib/gcc/arm-none-eabi/12.2.1/thumb/v7-m/nofp\libc_nano.a(libc_a-sbrkr.o)
                              c:/progra~2/armgnu~1/12977f~1.2mp/bin/../lib/gcc/arm-none-eabi/12.2.1/thumb/v7-m/nofp\libc_nano.a(libc_a-mallocr.o) (_sbrk_r)

Discarded input sections

[...]
Memory Configuration

Name             Origin             Length             Attributes
RAM              0x20000000         0x00005000         xrw
FLASH            0x08000000         0x00010000         xr
*default*        0x00000000         0xffffffff

Linker script and memory map

LOAD c:/progra~2/armgnu~1/12977f~1.2mp/bin/../lib/gcc/arm-none-eabi/12.2.1/thumb/v7-m/nofp/crti.o
LOAD c:/progra~2/armgnu~1/12977f~1.2mp/bin/../lib/gcc/arm-none-eabi/12.2.1/thumb/v7-m/nofp/crtbegin.o
LOAD c:/progra~2/armgnu~1/12977f~1.2mp/bin/../lib/gcc/arm-none-eabi/12.2.1/thumb/v7-m/nofp/crt0.o
START GROUP
LOAD c:/progra~2/armgnu~1/12977f~1.2mp/bin/../lib/gcc/arm-none-eabi/12.2.1/thumb/v7-m/nofp\libc_nano.a
LOAD c:/progra~2/armgnu~1/12977f~1.2mp/bin/../lib/gcc/arm-none-eabi/12.2.1/thumb/v7-m/nofp\libm.a
END GROUP
LOAD CMakeFiles/GPIO_Button.dir/Core/Src/main.c.obj
LOAD CMakeFiles/GPIO_Button.dir/Drivers/STM32F1xx_HAL_Driver/Src/stm32f1xx_hal.c.obj
LOAD CMakeFiles/GPIO_Button.dir/Drivers/STM32F1xx_HAL_Driver/Src/stm32f1xx_hal_gpio.c.obj
LOAD CMakeFiles/GPIO_Button.dir/Drivers/STM32F1xx_HAL_Driver/Src/stm32f1xx_hal_rcc.c.obj
LOAD CMakeFiles/GPIO_Button.dir/Drivers/STM32F1xx_HAL_Driver/Src/stm32f1xx_hal_cortex.c.obj
LOAD CMakeFiles/GPIO_Button.dir/Core/Src/system_stm32f1xx.c.obj
LOAD CMakeFiles/GPIO_Button.dir/Core/Startup/startup_stm32f103xb.s.obj
START GROUP
LOAD c:/progra~2/armgnu~1/12977f~1.2mp/bin/../lib/gcc/arm-none-eabi/12.2.1/thumb/v7-m/nofp\libgcc.a
LOAD c:/progra~2/armgnu~1/12977f~1.2mp/bin/../lib/gcc/arm-none-eabi/12.2.1/thumb/v7-m/nofp\libg_nano.a
LOAD c:/progra~2/armgnu~1/12977f~1.2mp/bin/../lib/gcc/arm-none-eabi/12.2.1/thumb/v7-m/nofp\libc_nano.a
END GROUP
START GROUP
LOAD c:/progra~2/armgnu~1/12977f~1.2mp/bin/../lib/gcc/arm-none-eabi/12.2.1/thumb/v7-m/nofp\libgcc.a
LOAD c:/progra~2/armgnu~1/12977f~1.2mp/bin/../lib/gcc/arm-none-eabi/12.2.1/thumb/v7-m/nofp\libc_nano.a
END GROUP
LOAD c:/progra~2/armgnu~1/12977f~1.2mp/bin/../lib/gcc/arm-none-eabi/12.2.1/thumb/v7-m/nofp/crtend.o
LOAD c:/progra~2/armgnu~1/12977f~1.2mp/bin/../lib/gcc/arm-none-eabi/12.2.1/thumb/v7-m/nofp/crtn.o
                0x20005000                        _estack = (ORIGIN (RAM) + LENGTH (RAM))
                0x20004c00                        _sstack = (_estack - _Min_Stack_Size)
                0x00000200                        _Min_Heap_Size = 0x200
                0x00000400                        _Min_Stack_Size = 0x400

.isr_vector     0x08000000      0x10c
                0x08000000                        . = ALIGN (0x4)
 *(.isr_vector)
 .isr_vector    0x08000000      0x10c CMakeFiles/GPIO_Button.dir/Core/Startup/startup_stm32f103xb.s.obj
                0x08000000                g_pfnVectors
                0x0800010c                        . = ALIGN (0x4)

.text           0x0800010c     0x16f8
                0x0800010c                        . = ALIGN (0x4)
 *(.text)
 *(.text*)
 .text.deregister_tm_clones
                0x0800010c       0x1c c:/progra~2/armgnu~1/12977f~1.2mp/bin/../lib/gcc/arm-none-eabi/12.2.1/thumb/v7-m/nofp/crtbegin.o
 .text.register_tm_clones
                0x08000128       0x24 c:/progra~2/armgnu~1/12977f~1.2mp/bin/../lib/gcc/arm-none-eabi/12.2.1/thumb/v7-m/nofp/crtbegin.o
 .text.__do_global_dtors_aux
                0x0800014c       0x28 c:/progra~2/armgnu~1/12977f~1.2mp/bin/../lib/gcc/arm-none-eabi/12.2.1/thumb/v7-m/nofp/crtbegin.o
 .text.frame_dummy
                0x08000174       0x24 c:/progra~2/armgnu~1/12977f~1.2mp/bin/../lib/gcc/arm-none-eabi/12.2.1/thumb/v7-m/nofp/crtbegin.o
 .text.memset   0x08000198       0x10 c:/progra~2/armgnu~1/12977f~1.2mp/bin/../lib/gcc/arm-none-eabi/12.2.1/thumb/v7-m/nofp\libc_nano.a(libc_a-memset.o)
                0x08000198                memset
 .text.__libc_init_array
                0x080001a8       0x48 c:/progra~2/armgnu~1/12977f~1.2mp/bin/../lib/gcc/arm-none-eabi/12.2.1/thumb/v7-m/nofp\libc_nano.a(libc_a-init.o)
                0x080001a8                __libc_init_array
 .text.main     0x080001f0       0xec CMakeFiles/GPIO_Button.dir/Core/Src/main.c.obj
                0x080001f0                main
 .text.MX_GPIO_Init
                0x080002dc       0xc0 CMakeFiles/GPIO_Button.dir/Core/Src/main.c.obj
                0x080002dc                MX_GPIO_Init
 .text.SysTick_Handler
                0x0800039c        0xc CMakeFiles/GPIO_Button.dir/Core/Src/main.c.obj
                0x0800039c                SysTick_Handler
 .text.SystemClock_Config
                0x080003a8       0x62 CMakeFiles/GPIO_Button.dir/Core/Src/main.c.obj
                0x080003a8                SystemClock_Config
 .text.assert_failed
                0x0800040a        0xe CMakeFiles/GPIO_Button.dir/Core/Src/main.c.obj
                0x0800040a                assert_failed
 .text.HAL_Init
                0x08000418       0x2c CMakeFiles/GPIO_Button.dir/Drivers/STM32F1xx_HAL_Driver/Src/stm32f1xx_hal.c.obj
                0x08000418                HAL_Init
 .text.HAL_MspInit
                0x08000444        0xc CMakeFiles/GPIO_Button.dir/Drivers/STM32F1xx_HAL_Driver/Src/stm32f1xx_hal.c.obj
                0x08000444                HAL_MspInit
 .text.HAL_InitTick
                0x08000450       0x60 CMakeFiles/GPIO_Button.dir/Drivers/STM32F1xx_HAL_Driver/Src/stm32f1xx_hal.c.obj
                0x08000450                HAL_InitTick
 .text.HAL_IncTick
                0x080004b0       0x24 CMakeFiles/GPIO_Button.dir/Drivers/STM32F1xx_HAL_Driver/Src/stm32f1xx_hal.c.obj
                0x080004b0                HAL_IncTick
 .text.HAL_GetTick
                0x080004d4       0x14 CMakeFiles/GPIO_Button.dir/Drivers/STM32F1xx_HAL_Driver/Src/stm32f1xx_hal.c.obj
                0x080004d4                HAL_GetTick
 .text.HAL_Delay
                0x080004e8       0x48 CMakeFiles/GPIO_Button.dir/Drivers/STM32F1xx_HAL_Driver/Src/stm32f1xx_hal.c.obj
                0x080004e8                HAL_Delay
 .text.HAL_GPIO_Init
                0x08000530      0x4dc CMakeFiles/GPIO_Button.dir/Drivers/STM32F1xx_HAL_Driver/Src/stm32f1xx_hal_gpio.c.obj
                0x08000530                HAL_GPIO_Init
 .text.HAL_GPIO_ReadPin
                0x08000a0c       0x40 CMakeFiles/GPIO_Button.dir/Drivers/STM32F1xx_HAL_Driver/Src/stm32f1xx_hal_gpio.c.obj
                0x08000a0c                HAL_GPIO_ReadPin
 .text.HAL_GPIO_WritePin
                0x08000a4c       0x58 CMakeFiles/GPIO_Button.dir/Drivers/STM32F1xx_HAL_Driver/Src/stm32f1xx_hal_gpio.c.obj
                0x08000a4c                HAL_GPIO_WritePin
 .text.HAL_RCC_OscConfig
                0x08000aa4      0x6dc CMakeFiles/GPIO_Button.dir/Drivers/STM32F1xx_HAL_Driver/Src/stm32f1xx_hal_rcc.c.obj
                0x08000aa4                HAL_RCC_OscConfig
 .text.HAL_RCC_ClockConfig
                0x08001180      0x320 CMakeFiles/GPIO_Button.dir/Drivers/STM32F1xx_HAL_Driver/Src/stm32f1xx_hal_rcc.c.obj
                0x08001180                HAL_RCC_ClockConfig
 .text.HAL_RCC_GetSysClockFreq
                0x080014a0       0xa8 CMakeFiles/GPIO_Button.dir/Drivers/STM32F1xx_HAL_Driver/Src/stm32f1xx_hal_rcc.c.obj
                0x080014a0                HAL_RCC_GetSysClockFreq
 .text.RCC_Delay
                0x08001548       0x3c CMakeFiles/GPIO_Button.dir/Drivers/STM32F1xx_HAL_Driver/Src/stm32f1xx_hal_rcc.c.obj
 .text.__NVIC_SetPriorityGrouping
                0x08001584       0x48 CMakeFiles/GPIO_Button.dir/Drivers/STM32F1xx_HAL_Driver/Src/stm32f1xx_hal_cortex.c.obj
 .text.__NVIC_GetPriorityGrouping
                0x080015cc       0x1c CMakeFiles/GPIO_Button.dir/Drivers/STM32F1xx_HAL_Driver/Src/stm32f1xx_hal_cortex.c.obj
 .text.__NVIC_SetPriority
                0x080015e8       0x54 CMakeFiles/GPIO_Button.dir/Drivers/STM32F1xx_HAL_Driver/Src/stm32f1xx_hal_cortex.c.obj
 .text.NVIC_EncodePriority
                0x0800163c       0x64 CMakeFiles/GPIO_Button.dir/Drivers/STM32F1xx_HAL_Driver/Src/stm32f1xx_hal_cortex.c.obj
 .text.SysTick_Config
                0x080016a0       0x44 CMakeFiles/GPIO_Button.dir/Drivers/STM32F1xx_HAL_Driver/Src/stm32f1xx_hal_cortex.c.obj
 .text.HAL_NVIC_SetPriorityGrouping
                0x080016e4       0x40 CMakeFiles/GPIO_Button.dir/Drivers/STM32F1xx_HAL_Driver/Src/stm32f1xx_hal_cortex.c.obj
                0x080016e4                HAL_NVIC_SetPriorityGrouping
 .text.HAL_NVIC_SetPriority
                0x08001724       0x58 CMakeFiles/GPIO_Button.dir/Drivers/STM32F1xx_HAL_Driver/Src/stm32f1xx_hal_cortex.c.obj
                0x08001724                HAL_NVIC_SetPriority
 .text.HAL_SYSTICK_Config
                0x0800177c       0x18 CMakeFiles/GPIO_Button.dir/Drivers/STM32F1xx_HAL_Driver/Src/stm32f1xx_hal_cortex.c.obj
                0x0800177c                HAL_SYSTICK_Config
 .text.SystemInit
                0x08001794        0xc CMakeFiles/GPIO_Button.dir/Core/Src/system_stm32f1xx.c.obj
                0x08001794                SystemInit
 .text.Reset_Handler
                0x080017a0       0x48 CMakeFiles/GPIO_Button.dir/Core/Startup/startup_stm32f103xb.s.obj
                0x080017a0                Reset_Handler
 .text.Default_Handler
                0x080017e8        0x2 CMakeFiles/GPIO_Button.dir/Core/Startup/startup_stm32f103xb.s.obj
                0x080017e8                RTC_Alarm_IRQHandler
                0x080017e8                EXTI2_IRQHandler
                0x080017e8                DebugMon_Handler
                0x080017e8                TIM1_CC_IRQHandler
                0x080017e8                HardFault_Handler
                0x080017e8                PVD_IRQHandler
                0x080017e8                PendSV_Handler
                0x080017e8                NMI_Handler
                0x080017e8                EXTI3_IRQHandler
                0x080017e8                EXTI0_IRQHandler
                0x080017e8                I2C2_EV_IRQHandler
                0x080017e8                UsageFault_Handler
                0x080017e8                ADC1_2_IRQHandler
                0x080017e8                SPI1_IRQHandler
                0x080017e8                TAMPER_IRQHandler
                0x080017e8                DMA1_Channel4_IRQHandler
                0x080017e8                USART3_IRQHandler
                0x080017e8                RTC_IRQHandler
                0x080017e8                DMA1_Channel7_IRQHandler
                0x080017e8                CAN1_RX1_IRQHandler
                0x080017e8                TIM4_IRQHandler
                0x080017e8                I2C1_EV_IRQHandler
                0x080017e8                DMA1_Channel6_IRQHandler
                0x080017e8                TIM3_IRQHandler
                0x080017e8                RCC_IRQHandler
                0x080017e8                TIM1_TRG_COM_IRQHandler
                0x080017e8                DMA1_Channel1_IRQHandler
                0x080017e8                Default_Handler
                0x080017e8                EXTI15_10_IRQHandler
                0x080017e8                EXTI9_5_IRQHandler
                0x080017e8                SPI2_IRQHandler
                0x080017e8                MemManage_Handler
                0x080017e8                SVC_Handler
                0x080017e8                DMA1_Channel5_IRQHandler
                0x080017e8                EXTI4_IRQHandler
                0x080017e8                USB_LP_CAN1_RX0_IRQHandler
                0x080017e8                USB_HP_CAN1_TX_IRQHandler
                0x080017e8                DMA1_Channel3_IRQHandler
                0x080017e8                TIM1_UP_IRQHandler
                0x080017e8                WWDG_IRQHandler
                0x080017e8                TIM2_IRQHandler
                0x080017e8                TIM1_BRK_IRQHandler
                0x080017e8                EXTI1_IRQHandler
                0x080017e8                USART2_IRQHandler
                0x080017e8                I2C2_ER_IRQHandler
                0x080017e8                DMA1_Channel2_IRQHandler
                0x080017e8                CAN1_SCE_IRQHandler
                0x080017e8                FLASH_IRQHandler
                0x080017e8                BusFault_Handler
                0x080017e8                USART1_IRQHandler
                0x080017e8                I2C1_ER_IRQHandler
                0x080017e8                USBWakeUp_IRQHandler
 *(.glue_7)
 .glue_7        0x080017ea        0x0 linker stubs
 *(.glue_7t)
 .glue_7t       0x080017ea        0x0 linker stubs
 *(.eh_frame)
 *fill*         0x080017ea        0x2 
 .eh_frame      0x080017ec        0x0 c:/progra~2/armgnu~1/12977f~1.2mp/bin/../lib/gcc/arm-none-eabi/12.2.1/thumb/v7-m/nofp/crtbegin.o
 *(.init)
 .init          0x080017ec        0x4 c:/progra~2/armgnu~1/12977f~1.2mp/bin/../lib/gcc/arm-none-eabi/12.2.1/thumb/v7-m/nofp/crti.o
                0x080017ec                _init
 .init          0x080017f0        0x8 c:/progra~2/armgnu~1/12977f~1.2mp/bin/../lib/gcc/arm-none-eabi/12.2.1/thumb/v7-m/nofp/crtn.o
 *(.fini)
 .fini          0x080017f8        0x4 c:/progra~2/armgnu~1/12977f~1.2mp/bin/../lib/gcc/arm-none-eabi/12.2.1/thumb/v7-m/nofp/crti.o
                0x080017f8                _fini
 .fini          0x080017fc        0x8 c:/progra~2/armgnu~1/12977f~1.2mp/bin/../lib/gcc/arm-none-eabi/12.2.1/thumb/v7-m/nofp/crtn.o
                0x08001804                        . = ALIGN (0x4)
                0x08001804                        _etext = .

.vfp11_veneer   0x08001804        0x0
 .vfp11_veneer  0x08001804        0x0 linker stubs

.v4_bx          0x08001804        0x0
 .v4_bx         0x08001804        0x0 linker stubs

.iplt           0x08001804        0x0
 .iplt          0x08001804        0x0 c:/progra~2/armgnu~1/12977f~1.2mp/bin/../lib/gcc/arm-none-eabi/12.2.1/thumb/v7-m/nofp/crtbegin.o

.rodata         0x08001804      0x168
                0x08001804                        . = ALIGN (0x4)
 *(.rodata)
 .rodata        0x08001804       0x6a CMakeFiles/GPIO_Button.dir/Drivers/STM32F1xx_HAL_Driver/Src/stm32f1xx_hal_gpio.c.obj
 *fill*         0x0800186e        0x2 
 .rodata        0x08001870       0x69 CMakeFiles/GPIO_Button.dir/Drivers/STM32F1xx_HAL_Driver/Src/stm32f1xx_hal_rcc.c.obj
 *fill*         0x080018d9        0x3 
 .rodata        0x080018dc       0x6c CMakeFiles/GPIO_Button.dir/Drivers/STM32F1xx_HAL_Driver/Src/stm32f1xx_hal_cortex.c.obj
 *(.rodata*)
 .rodata.aPLLMULFactorTable.1
                0x08001948       0x10 CMakeFiles/GPIO_Button.dir/Drivers/STM32F1xx_HAL_Driver/Src/stm32f1xx_hal_rcc.c.obj
 .rodata.aPredivFactorTable.0
                0x08001958        0x2 CMakeFiles/GPIO_Button.dir/Drivers/STM32F1xx_HAL_Driver/Src/stm32f1xx_hal_rcc.c.obj
 *fill*         0x0800195a        0x2 
 .rodata.AHBPrescTable
                0x0800195c       0x10 CMakeFiles/GPIO_Button.dir/Core/Src/system_stm32f1xx.c.obj
                0x0800195c                AHBPrescTable
                0x0800196c                        . = ALIGN (0x4)

.ARM.extab      0x0800196c        0x0
                0x0800196c                        . = ALIGN (0x4)
 *(.ARM.extab* .gnu.linkonce.armextab.*)
                0x0800196c                        . = ALIGN (0x4)

.ARM            0x0800196c        0x0
                0x0800196c                        . = ALIGN (0x4)
                0x0800196c                        __exidx_start = .
 *(.ARM.exidx*)
                0x0800196c                        __exidx_end = .
                0x0800196c                        . = ALIGN (0x4)

.preinit_array  0x0800196c        0x0
                0x0800196c                        . = ALIGN (0x4)
                0x0800196c                        PROVIDE (__preinit_array_start = .)
 *(.preinit_array*)
                0x0800196c                        PROVIDE (__preinit_array_end = .)
                0x0800196c                        . = ALIGN (0x4)

.init_array     0x0800196c        0x4
                0x0800196c                        . = ALIGN (0x4)
                0x0800196c                        PROVIDE (__init_array_start = .)
 *(SORT_BY_NAME(.init_array.*))
 *(.init_array*)
 .init_array    0x0800196c        0x4 c:/progra~2/armgnu~1/12977f~1.2mp/bin/../lib/gcc/arm-none-eabi/12.2.1/thumb/v7-m/nofp/crtbegin.o
                0x08001970                        PROVIDE (__init_array_end = .)
                0x08001970                        . = ALIGN (0x4)

.fini_array     0x08001970        0x4
                0x08001970                        . = ALIGN (0x4)
                [!provide]                        PROVIDE (__fini_array_start = .)
 *(SORT_BY_NAME(.fini_array.*))
 *(.fini_array*)
 .fini_array    0x08001970        0x4 c:/progra~2/armgnu~1/12977f~1.2mp/bin/../lib/gcc/arm-none-eabi/12.2.1/thumb/v7-m/nofp/crtbegin.o
                [!provide]                        PROVIDE (__fini_array_end = .)
                0x08001974                        . = ALIGN (0x4)
                0x08001974                        _sidata = LOADADDR (.data)

.rel.dyn        0x08001974        0x0
 .rel.iplt      0x08001974        0x0 c:/progra~2/armgnu~1/12977f~1.2mp/bin/../lib/gcc/arm-none-eabi/12.2.1/thumb/v7-m/nofp/crtbegin.o

.data           0x20000000        0xc load address 0x08001974
                0x20000000                        . = ALIGN (0x4)
                0x20000000                        _sdata = .
 *(.data)
 *(.data*)
 .data.uwTickPrio
                0x20000000        0x4 CMakeFiles/GPIO_Button.dir/Drivers/STM32F1xx_HAL_Driver/Src/stm32f1xx_hal.c.obj
                0x20000000                uwTickPrio
 .data.uwTickFreq
                0x20000004        0x1 CMakeFiles/GPIO_Button.dir/Drivers/STM32F1xx_HAL_Driver/Src/stm32f1xx_hal.c.obj
                0x20000004                uwTickFreq
 *fill*         0x20000005        0x3 
 .data.SystemCoreClock
                0x20000008        0x4 CMakeFiles/GPIO_Button.dir/Core/Src/system_stm32f1xx.c.obj
                0x20000008                SystemCoreClock
 *(.RamFunc)
 *(.RamFunc*)
                0x2000000c                        . = ALIGN (0x4)

.tm_clone_table
                0x2000000c        0x0 load address 0x08001980
 .tm_clone_table
                0x2000000c        0x0 c:/progra~2/armgnu~1/12977f~1.2mp/bin/../lib/gcc/arm-none-eabi/12.2.1/thumb/v7-m/nofp/crtbegin.o
 .tm_clone_table
                0x2000000c        0x0 c:/progra~2/armgnu~1/12977f~1.2mp/bin/../lib/gcc/arm-none-eabi/12.2.1/thumb/v7-m/nofp/crtend.o

.igot.plt       0x2000000c        0x0 load address 0x08001980
 .igot.plt      0x2000000c        0x0 c:/progra~2/armgnu~1/12977f~1.2mp/bin/../lib/gcc/arm-none-eabi/12.2.1/thumb/v7-m/nofp/crtbegin.o

.tdata          0x2000000c        0x0 load address 0x08001980
 *(.tdata .tdata.* .gnu.linkonce.td.*)
                0x2000000c                        . = ALIGN (0x4)
                0x2000000c                        _edata = .
                [!provide]                        PROVIDE (__data_end = .)
                [!provide]                        PROVIDE (__tdata_end = .)
                [!provide]                        PROVIDE (__tdata_start = ADDR (.tdata))
                [!provide]                        PROVIDE (__tdata_size = (__tdata_end - __tdata_start))
                [!provide]                        PROVIDE (__data_start = ADDR (.data))
                [!provide]                        PROVIDE (__data_size = (__data_end - __data_start))
                [!provide]                        PROVIDE (__tdata_source = LOADADDR (.tdata))
                [!provide]                        PROVIDE (__tdata_source_end = (LOADADDR (.tdata) + SIZEOF (.tdata)))
                [!provide]                        PROVIDE (__tdata_source_size = (__tdata_source_end - __tdata_source))
                [!provide]                        PROVIDE (__data_source = LOADADDR (.data))
                [!provide]                        PROVIDE (__data_source_end = __tdata_source_end)
                [!provide]                        PROVIDE (__data_source_size = (__data_source_end - __data_source))

.tbss           0x2000000c        0x0 load address 0x08001980
                0x2000000c                        _sbss = .
                0x2000000c                        __bss_start__ = _sbss
 *(.tbss .tbss.*)
                0x2000000c                        . = ALIGN (0x4)
                [!provide]                        PROVIDE (__tbss_end = .)
                [!provide]                        PROVIDE (__tbss_start = ADDR (.tbss))
                [!provide]                        PROVIDE (__tbss_size = (__tbss_end - __tbss_start))
                [!provide]                        PROVIDE (__tbss_offset = (ADDR (.tbss) - ADDR (.tdata)))
                [!provide]                        PROVIDE (__tls_base = __tdata_start)
                [!provide]                        PROVIDE (__tls_end = __tbss_end)
                [!provide]                        PROVIDE (__tls_size = (__tls_end - __tls_base))
                [!provide]                        PROVIDE (__tls_align = MAX (ALIGNOF (.tdata), ALIGNOF (.tbss)))
                [!provide]                        PROVIDE (__tls_size_align = (((__tls_size + __tls_align) - 0x1) & ~ ((__tls_align - 0x1))))
                [!provide]                        PROVIDE (__arm32_tls_tcb_offset = MAX (0x8, __tls_align))
                [!provide]                        PROVIDE (__arm64_tls_tcb_offset = MAX (0x10, __tls_align))

.bss            0x2000000c       0x20 load address 0x08001980
 *(.bss)
 *(.bss*)
 .bss.completed.1
                0x2000000c        0x1 c:/progra~2/armgnu~1/12977f~1.2mp/bin/../lib/gcc/arm-none-eabi/12.2.1/thumb/v7-m/nofp/crtbegin.o
 *fill*         0x2000000d        0x3 
 .bss.object.0  0x20000010       0x18 c:/progra~2/armgnu~1/12977f~1.2mp/bin/../lib/gcc/arm-none-eabi/12.2.1/thumb/v7-m/nofp/crtbegin.o
 .bss.uwTick    0x20000028        0x4 CMakeFiles/GPIO_Button.dir/Drivers/STM32F1xx_HAL_Driver/Src/stm32f1xx_hal.c.obj
                0x20000028                uwTick
 *(COMMON)
                0x2000002c                        . = ALIGN (0x4)
                0x2000002c                        _ebss = .
                0x2000002c                        __bss_end__ = _ebss
                [!provide]                        PROVIDE (__bss_end = .)
                [!provide]                        PROVIDE (__non_tls_bss_start = ADDR (.bss))
                [!provide]                        PROVIDE (__bss_start = __tbss_start)
                [!provide]                        PROVIDE (__bss_size = (__bss_end - __bss_start))

._user_heap_stack
                0x2000002c      0x604 load address 0x08001980
                0x20000030                        . = ALIGN (0x8)
 *fill*         0x2000002c        0x4 
                [!provide]                        PROVIDE (end = .)
                [!provide]                        PROVIDE (_end = .)
                0x20000230                        . = (. + _Min_Heap_Size)
 *fill*         0x20000030      0x200 
                0x20000630                        . = (. + _Min_Stack_Size)
 *fill*         0x20000230      0x400 
                0x20000630                        . = ALIGN (0x8)

/DISCARD/
 libc.a:*(*)
 libm.a:*(*)
 libgcc.a:*(*)
OUTPUT(GPIO_Button.elf elf32-littlearm)
LOAD linker stubs

.ARM.attributes
                0x00000000       0x29
 .ARM.attributes
                0x00000000       0x1d c:/progra~2/armgnu~1/12977f~1.2mp/bin/../lib/gcc/arm-none-eabi/12.2.1/thumb/v7-m/nofp/crti.o
 .ARM.attributes
                0x0000001d       0x2d c:/progra~2/armgnu~1/12977f~1.2mp/bin/../lib/gcc/arm-none-eabi/12.2.1/thumb/v7-m/nofp/crtbegin.o
 .ARM.attributes
                0x0000004a       0x2d c:/progra~2/armgnu~1/12977f~1.2mp/bin/../lib/gcc/arm-none-eabi/12.2.1/thumb/v7-m/nofp\libc_nano.a(libc_a-memset.o)
 .ARM.attributes
                0x00000077       0x2d c:/progra~2/armgnu~1/12977f~1.2mp/bin/../lib/gcc/arm-none-eabi/12.2.1/thumb/v7-m/nofp\libc_nano.a(libc_a-init.o)
 .ARM.attributes
                0x000000a4       0x2d CMakeFiles/GPIO_Button.dir/Core/Src/main.c.obj
 .ARM.attributes
                0x000000d1       0x2d CMakeFiles/GPIO_Button.dir/Drivers/STM32F1xx_HAL_Driver/Src/stm32f1xx_hal.c.obj
 .ARM.attributes
                0x000000fe       0x2d CMakeFiles/GPIO_Button.dir/Drivers/STM32F1xx_HAL_Driver/Src/stm32f1xx_hal_gpio.c.obj
 .ARM.attributes
                0x0000012b       0x2d CMakeFiles/GPIO_Button.dir/Drivers/STM32F1xx_HAL_Driver/Src/stm32f1xx_hal_rcc.c.obj
 .ARM.attributes
                0x00000158       0x2d CMakeFiles/GPIO_Button.dir/Drivers/STM32F1xx_HAL_Driver/Src/stm32f1xx_hal_cortex.c.obj
 .ARM.attributes
                0x00000185       0x2d CMakeFiles/GPIO_Button.dir/Core/Src/system_stm32f1xx.c.obj
 .ARM.attributes
                0x000001b2       0x21 CMakeFiles/GPIO_Button.dir/Core/Startup/startup_stm32f103xb.s.obj
 .ARM.attributes
                0x000001d3       0x2d c:/progra~2/armgnu~1/12977f~1.2mp/bin/../lib/gcc/arm-none-eabi/12.2.1/thumb/v7-m/nofp/crtend.o
 .ARM.attributes
                0x00000200       0x1d c:/progra~2/armgnu~1/12977f~1.2mp/bin/../lib/gcc/arm-none-eabi/12.2.1/thumb/v7-m/nofp/crtn.o

.comment        0x00000000       0x55
 .comment       0x00000000       0x55 CMakeFiles/GPIO_Button.dir/Core/Src/main.c.obj
                                 0x56 (size before relaxing)
 .comment       0x00000055       0x56 CMakeFiles/GPIO_Button.dir/Drivers/STM32F1xx_HAL_Driver/Src/stm32f1xx_hal.c.obj
 .comment       0x00000055       0x56 CMakeFiles/GPIO_Button.dir/Drivers/STM32F1xx_HAL_Driver/Src/stm32f1xx_hal_gpio.c.obj
 .comment       0x00000055       0x56 CMakeFiles/GPIO_Button.dir/Drivers/STM32F1xx_HAL_Driver/Src/stm32f1xx_hal_rcc.c.obj
 .comment       0x00000055       0x56 CMakeFiles/GPIO_Button.dir/Drivers/STM32F1xx_HAL_Driver/Src/stm32f1xx_hal_cortex.c.obj
 .comment       0x00000055       0x56 CMakeFiles/GPIO_Button.dir/Core/Src/system_stm32f1xx.c.obj

.debug_frame    0x00000000      0xbf8
 .debug_frame   0x00000000       0x20 c:/progra~2/armgnu~1/12977f~1.2mp/bin/../lib/gcc/arm-none-eabi/12.2.1/thumb/v7-m/nofp\libc_nano.a(libc_a-memset.o)
 .debug_frame   0x00000020       0x2c c:/progra~2/armgnu~1/12977f~1.2mp/bin/../lib/gcc/arm-none-eabi/12.2.1/thumb/v7-m/nofp\libc_nano.a(libc_a-init.o)
 .debug_frame   0x0000004c       0xb0 CMakeFiles/GPIO_Button.dir/Core/Src/main.c.obj
 .debug_frame   0x000000fc      0x334 CMakeFiles/GPIO_Button.dir/Drivers/STM32F1xx_HAL_Driver/Src/stm32f1xx_hal.c.obj
 .debug_frame   0x00000430      0x138 CMakeFiles/GPIO_Button.dir/Drivers/STM32F1xx_HAL_Driver/Src/stm32f1xx_hal_gpio.c.obj
 .debug_frame   0x00000568      0x214 CMakeFiles/GPIO_Button.dir/Drivers/STM32F1xx_HAL_Driver/Src/stm32f1xx_hal_rcc.c.obj
 .debug_frame   0x0000077c      0x424 CMakeFiles/GPIO_Button.dir/Drivers/STM32F1xx_HAL_Driver/Src/stm32f1xx_hal_cortex.c.obj
 .debug_frame   0x00000ba0       0x58 CMakeFiles/GPIO_Button.dir/Core/Src/system_stm32f1xx.c.obj

.debug_info     0x00000000     0x272c
 .debug_info    0x00000000      0x525 CMakeFiles/GPIO_Button.dir/Core/Src/main.c.obj
 .debug_info    0x00000525      0x73b CMakeFiles/GPIO_Button.dir/Drivers/STM32F1xx_HAL_Driver/Src/stm32f1xx_hal.c.obj
 .debug_info    0x00000c60      0x5dc CMakeFiles/GPIO_Button.dir/Drivers/STM32F1xx_HAL_Driver/Src/stm32f1xx_hal_gpio.c.obj
 .debug_info    0x0000123c      0x804 CMakeFiles/GPIO_Button.dir/Drivers/STM32F1xx_HAL_Driver/Src/stm32f1xx_hal_rcc.c.obj
 .debug_info    0x00001a40      0xaa1 CMakeFiles/GPIO_Button.dir/Drivers/STM32F1xx_HAL_Driver/Src/stm32f1xx_hal_cortex.c.obj
 .debug_info    0x000024e1      0x21b CMakeFiles/GPIO_Button.dir/Core/Src/system_stm32f1xx.c.obj
 .debug_info    0x000026fc       0x30 CMakeFiles/GPIO_Button.dir/Core/Startup/startup_stm32f103xb.s.obj

.debug_abbrev   0x00000000      0xd25
 .debug_abbrev  0x00000000      0x22b CMakeFiles/GPIO_Button.dir/Core/Src/main.c.obj
 .debug_abbrev  0x0000022b      0x209 CMakeFiles/GPIO_Button.dir/Drivers/STM32F1xx_HAL_Driver/Src/stm32f1xx_hal.c.obj
 .debug_abbrev  0x00000434      0x1e7 CMakeFiles/GPIO_Button.dir/Drivers/STM32F1xx_HAL_Driver/Src/stm32f1xx_hal_gpio.c.obj
 .debug_abbrev  0x0000061b      0x2ad CMakeFiles/GPIO_Button.dir/Drivers/STM32F1xx_HAL_Driver/Src/stm32f1xx_hal_rcc.c.obj
 .debug_abbrev  0x000008c8      0x2fa CMakeFiles/GPIO_Button.dir/Drivers/STM32F1xx_HAL_Driver/Src/stm32f1xx_hal_cortex.c.obj
 .debug_abbrev  0x00000bc2      0x13f CMakeFiles/GPIO_Button.dir/Core/Src/system_stm32f1xx.c.obj
 .debug_abbrev  0x00000d01       0x24 CMakeFiles/GPIO_Button.dir/Core/Startup/startup_stm32f103xb.s.obj

.debug_aranges  0x00000000      0x358
 .debug_aranges
                0x00000000       0x40 CMakeFiles/GPIO_Button.dir/Core/Src/main.c.obj
 .debug_aranges
                0x00000040       0xe0 CMakeFiles/GPIO_Button.dir/Drivers/STM32F1xx_HAL_Driver/Src/stm32f1xx_hal.c.obj
 .debug_aranges
                0x00000120       0x58 CMakeFiles/GPIO_Button.dir/Drivers/STM32F1xx_HAL_Driver/Src/stm32f1xx_hal_gpio.c.obj
 .debug_aranges
                0x00000178       0x90 CMakeFiles/GPIO_Button.dir/Drivers/STM32F1xx_HAL_Driver/Src/stm32f1xx_hal_rcc.c.obj
 .debug_aranges
                0x00000208      0x100 CMakeFiles/GPIO_Button.dir/Drivers/STM32F1xx_HAL_Driver/Src/stm32f1xx_hal_cortex.c.obj
 .debug_aranges
                0x00000308       0x28 CMakeFiles/GPIO_Button.dir/Core/Src/system_stm32f1xx.c.obj
 .debug_aranges
                0x00000330       0x28 CMakeFiles/GPIO_Button.dir/Core/Startup/startup_stm32f103xb.s.obj

.debug_rnglists
                0x00000000      0x26c
 .debug_rnglists
                0x00000000       0x2d CMakeFiles/GPIO_Button.dir/Core/Src/main.c.obj
 .debug_rnglists
                0x0000002d       0xa3 CMakeFiles/GPIO_Button.dir/Drivers/STM32F1xx_HAL_Driver/Src/stm32f1xx_hal.c.obj
 .debug_rnglists
                0x000000d0       0x40 CMakeFiles/GPIO_Button.dir/Drivers/STM32F1xx_HAL_Driver/Src/stm32f1xx_hal_gpio.c.obj
 .debug_rnglists
                0x00000110       0x6e CMakeFiles/GPIO_Button.dir/Drivers/STM32F1xx_HAL_Driver/Src/stm32f1xx_hal_rcc.c.obj
 .debug_rnglists
                0x0000017e       0xbb CMakeFiles/GPIO_Button.dir/Drivers/STM32F1xx_HAL_Driver/Src/stm32f1xx_hal_cortex.c.obj
 .debug_rnglists
                0x00000239       0x1a CMakeFiles/GPIO_Button.dir/Core/Src/system_stm32f1xx.c.obj
 .debug_rnglists
                0x00000253       0x19 CMakeFiles/GPIO_Button.dir/Core/Startup/startup_stm32f103xb.s.obj

.debug_macro    0x00000000    0x1842f
 .debug_macro   0x00000000      0x2f9 CMakeFiles/GPIO_Button.dir/Core/Src/main.c.obj
 .debug_macro   0x000002f9      0xac6 CMakeFiles/GPIO_Button.dir/Core/Src/main.c.obj
 .debug_macro   0x00000dbf      0x2c7 CMakeFiles/GPIO_Button.dir/Core/Src/main.c.obj
 .debug_macro   0x00001086       0x2e CMakeFiles/GPIO_Button.dir/Core/Src/main.c.obj
 .debug_macro   0x000010b4       0x22 CMakeFiles/GPIO_Button.dir/Core/Src/main.c.obj
 .debug_macro   0x000010d6       0x22 CMakeFiles/GPIO_Button.dir/Core/Src/main.c.obj
 .debug_macro   0x000010f8       0x8e CMakeFiles/GPIO_Button.dir/Core/Src/main.c.obj
 .debug_macro   0x00001186       0x51 CMakeFiles/GPIO_Button.dir/Core/Src/main.c.obj
 .debug_macro   0x000011d7      0x103 CMakeFiles/GPIO_Button.dir/Core/Src/main.c.obj
 .debug_macro   0x000012da       0x6a CMakeFiles/GPIO_Button.dir/Core/Src/main.c.obj
 .debug_macro   0x00001344      0x1df CMakeFiles/GPIO_Button.dir/Core/Src/main.c.obj
 .debug_macro   0x00001523       0x1c CMakeFiles/GPIO_Button.dir/Core/Src/main.c.obj
 .debug_macro   0x0000153f       0x22 CMakeFiles/GPIO_Button.dir/Core/Src/main.c.obj
 .debug_macro   0x00001561       0xbd CMakeFiles/GPIO_Button.dir/Core/Src/main.c.obj
 .debug_macro   0x0000161e      0xd23 CMakeFiles/GPIO_Button.dir/Core/Src/main.c.obj
 .debug_macro   0x00002341     0xe09e CMakeFiles/GPIO_Button.dir/Core/Src/main.c.obj
 .debug_macro   0x000103df       0x6d CMakeFiles/GPIO_Button.dir/Core/Src/main.c.obj
 .debug_macro   0x0001044c     0x34a2 CMakeFiles/GPIO_Button.dir/Core/Src/main.c.obj
 .debug_macro   0x000138ee      0x189 CMakeFiles/GPIO_Button.dir/Core/Src/main.c.obj
 .debug_macro   0x00013a77       0x5c CMakeFiles/GPIO_Button.dir/Core/Src/main.c.obj
 .debug_macro   0x00013ad3      0x5bc CMakeFiles/GPIO_Button.dir/Core/Src/main.c.obj
 .debug_macro   0x0001408f      0x289 CMakeFiles/GPIO_Button.dir/Core/Src/main.c.obj
 .debug_macro   0x00014318      0x1cb CMakeFiles/GPIO_Button.dir/Core/Src/main.c.obj
 .debug_macro   0x000144e3      0x114 CMakeFiles/GPIO_Button.dir/Core/Src/main.c.obj
 .debug_macro   0x000145f7      0x1b2 CMakeFiles/GPIO_Button.dir/Core/Src/main.c.obj
 .debug_macro   0x000147a9       0x27 CMakeFiles/GPIO_Button.dir/Core/Src/main.c.obj
 .debug_macro   0x000147d0      0x136 CMakeFiles/GPIO_Button.dir/Core/Src/main.c.obj
 .debug_macro   0x00014906      0x1bc CMakeFiles/GPIO_Button.dir/Core/Src/main.c.obj
 .debug_macro   0x00014ac2       0x34 CMakeFiles/GPIO_Button.dir/Core/Src/main.c.obj
 .debug_macro   0x00014af6       0x3c CMakeFiles/GPIO_Button.dir/Core/Src/main.c.obj
 .debug_macro   0x00014b32      0x408 CMakeFiles/GPIO_Button.dir/Core/Src/main.c.obj
 .debug_macro   0x00014f3a       0x57 CMakeFiles/GPIO_Button.dir/Core/Src/main.c.obj
 .debug_macro   0x00014f91      0x46a CMakeFiles/GPIO_Button.dir/Core/Src/main.c.obj
 .debug_macro   0x000153fb      0x1b5 CMakeFiles/GPIO_Button.dir/Core/Src/main.c.obj
 .debug_macro   0x000155b0       0x22 CMakeFiles/GPIO_Button.dir/Core/Src/main.c.obj
 .debug_macro   0x000155d2       0x87 CMakeFiles/GPIO_Button.dir/Core/Src/main.c.obj
 .debug_macro   0x00015659      0x240 CMakeFiles/GPIO_Button.dir/Core/Src/main.c.obj
 .debug_macro   0x00015899      0x287 CMakeFiles/GPIO_Button.dir/Core/Src/main.c.obj
 .debug_macro   0x00015b20       0x78 CMakeFiles/GPIO_Button.dir/Core/Src/main.c.obj
 .debug_macro   0x00015b98      0x140 CMakeFiles/GPIO_Button.dir/Core/Src/main.c.obj
 .debug_macro   0x00015cd8      0x1ef CMakeFiles/GPIO_Button.dir/Core/Src/main.c.obj
 .debug_macro   0x00015ec7       0xeb CMakeFiles/GPIO_Button.dir/Core/Src/main.c.obj
 .debug_macro   0x00015fb2      0x217 CMakeFiles/GPIO_Button.dir/Core/Src/main.c.obj
 .debug_macro   0x000161c9      0x8ed CMakeFiles/GPIO_Button.dir/Core/Src/main.c.obj
 .debug_macro   0x00016ab6      0x28e CMakeFiles/GPIO_Button.dir/Core/Src/main.c.obj
 .debug_macro   0x00016d44      0x217 CMakeFiles/GPIO_Button.dir/Core/Src/main.c.obj
 .debug_macro   0x00016f5b      0x1a7 CMakeFiles/GPIO_Button.dir/Core/Src/main.c.obj
 .debug_macro   0x00017102      0x2cd CMakeFiles/GPIO_Button.dir/Core/Src/main.c.obj
 .debug_macro   0x000173cf       0x8d CMakeFiles/GPIO_Button.dir/Core/Src/main.c.obj
 .debug_macro   0x0001745c       0xb7 CMakeFiles/GPIO_Button.dir/Core/Src/main.c.obj
 .debug_macro   0x00017513      0x242 CMakeFiles/GPIO_Button.dir/Core/Src/main.c.obj
 .debug_macro   0x00017755       0x83 CMakeFiles/GPIO_Button.dir/Core/Src/main.c.obj
 .debug_macro   0x000177d8      0x2e1 CMakeFiles/GPIO_Button.dir/Drivers/STM32F1xx_HAL_Driver/Src/stm32f1xx_hal.c.obj
 .debug_macro   0x00017ab9      0x328 CMakeFiles/GPIO_Button.dir/Drivers/STM32F1xx_HAL_Driver/Src/stm32f1xx_hal_gpio.c.obj
 .debug_macro   0x00017de1      0x2cf CMakeFiles/GPIO_Button.dir/Drivers/STM32F1xx_HAL_Driver/Src/stm32f1xx_hal_rcc.c.obj
 .debug_macro   0x000180b0      0x2bd CMakeFiles/GPIO_Button.dir/Drivers/STM32F1xx_HAL_Driver/Src/stm32f1xx_hal_cortex.c.obj
 .debug_macro   0x0001836d       0xc2 CMakeFiles/GPIO_Button.dir/Core/Src/system_stm32f1xx.c.obj

.debug_line     0x00000000     0x425b
 .debug_line    0x00000000      0x901 CMakeFiles/GPIO_Button.dir/Core/Src/main.c.obj
 .debug_line    0x00000901      0xace CMakeFiles/GPIO_Button.dir/Drivers/STM32F1xx_HAL_Driver/Src/stm32f1xx_hal.c.obj
 .debug_line    0x000013cf      0xcb1 CMakeFiles/GPIO_Button.dir/Drivers/STM32F1xx_HAL_Driver/Src/stm32f1xx_hal_gpio.c.obj
 .debug_line    0x00002080     0x1098 CMakeFiles/GPIO_Button.dir/Drivers/STM32F1xx_HAL_Driver/Src/stm32f1xx_hal_rcc.c.obj
 .debug_line    0x00003118      0xd33 CMakeFiles/GPIO_Button.dir/Drivers/STM32F1xx_HAL_Driver/Src/stm32f1xx_hal_cortex.c.obj
 .debug_line    0x00003e4b      0x398 CMakeFiles/GPIO_Button.dir/Core/Src/system_stm32f1xx.c.obj
 .debug_line    0x000041e3       0x78 CMakeFiles/GPIO_Button.dir/Core/Startup/startup_stm32f103xb.s.obj

.debug_str      0x00000000    0x97668
 .debug_str     0x00000000    0x96678 CMakeFiles/GPIO_Button.dir/Core/Src/main.c.obj
                              0x969b1 (size before relaxing)
 .debug_str     0x00096678      0x654 CMakeFiles/GPIO_Button.dir/Drivers/STM32F1xx_HAL_Driver/Src/stm32f1xx_hal.c.obj
                              0x96e1e (size before relaxing)
 .debug_str     0x00096ccc      0x344 CMakeFiles/GPIO_Button.dir/Drivers/STM32F1xx_HAL_Driver/Src/stm32f1xx_hal_gpio.c.obj
                              0x96a71 (size before relaxing)
 .debug_str     0x00097010      0x276 CMakeFiles/GPIO_Button.dir/Drivers/STM32F1xx_HAL_Driver/Src/stm32f1xx_hal_rcc.c.obj
                              0x96b08 (size before relaxing)
 .debug_str     0x00097286      0x2ec CMakeFiles/GPIO_Button.dir/Drivers/STM32F1xx_HAL_Driver/Src/stm32f1xx_hal_cortex.c.obj
                              0x96d58 (size before relaxing)
 .debug_str     0x00097572       0x83 CMakeFiles/GPIO_Button.dir/Core/Src/system_stm32f1xx.c.obj
                              0x5474a (size before relaxing)
 .debug_str     0x000975f5       0x73 CMakeFiles/GPIO_Button.dir/Core/Startup/startup_stm32f103xb.s.obj
                                 0xad (size before relaxing)

.debug_line_str
                0x00000000       0x91
 .debug_line_str
                0x00000000       0x91 CMakeFiles/GPIO_Button.dir/Core/Startup/startup_stm32f103xb.s.obj
